Component: ARM Compiler 5.06 update 5 (build 528) Tool: armlink [4d35e2]

==============================================================================

Section Cross References

    startup_stm32f103xb.o(STACK) refers (Special) to heapauxi.o(.text) for __use_two_region_memory
    startup_stm32f103xb.o(HEAP) refers (Special) to heapauxi.o(.text) for __use_two_region_memory
    startup_stm32f103xb.o(RESET) refers (Special) to heapauxi.o(.text) for __use_two_region_memory
    startup_stm32f103xb.o(RESET) refers to startup_stm32f103xb.o(STACK) for __initial_sp
    startup_stm32f103xb.o(RESET) refers to startup_stm32f103xb.o(.text) for Reset_Handler
    startup_stm32f103xb.o(RESET) refers to stm32f1xx_it.o(i.NMI_Handler) for NMI_Handler
    startup_stm32f103xb.o(RESET) refers to stm32f1xx_it.o(i.HardFault_Handler) for HardFault_Handler
    startup_stm32f103xb.o(RESET) refers to stm32f1xx_it.o(i.MemManage_Handler) for MemManage_Handler
    startup_stm32f103xb.o(RESET) refers to stm32f1xx_it.o(i.BusFault_Handler) for BusFault_Handler
    startup_stm32f103xb.o(RESET) refers to stm32f1xx_it.o(i.UsageFault_Handler) for UsageFault_Handler
    startup_stm32f103xb.o(RESET) refers to stm32f1xx_it.o(i.SVC_Handler) for SVC_Handler
    startup_stm32f103xb.o(RESET) refers to stm32f1xx_it.o(i.DebugMon_Handler) for DebugMon_Handler
    startup_stm32f103xb.o(RESET) refers to stm32f1xx_it.o(i.PendSV_Handler) for PendSV_Handler
    startup_stm32f103xb.o(RESET) refers to stm32f1xx_it.o(i.SysTick_Handler) for SysTick_Handler
    startup_stm32f103xb.o(RESET) refers to stm32f1xx_it.o(i.I2C1_EV_IRQHandler) for I2C1_EV_IRQHandler
    startup_stm32f103xb.o(RESET) refers to stm32f1xx_it.o(i.I2C1_ER_IRQHandler) for I2C1_ER_IRQHandler
    startup_stm32f103xb.o(.text) refers (Special) to heapauxi.o(.text) for __use_two_region_memory
    startup_stm32f103xb.o(.text) refers to system_stm32f1xx.o(i.SystemInit) for SystemInit
    startup_stm32f103xb.o(.text) refers to __main.o(!!!main) for __main
    startup_stm32f103xb.o(.text) refers to startup_stm32f103xb.o(HEAP) for Heap_Mem
    startup_stm32f103xb.o(.text) refers to startup_stm32f103xb.o(STACK) for Stack_Mem
    main.o(i.SystemClock_Config) refers to rt_memclr_w.o(.text) for __aeabi_memclr4
    main.o(i.SystemClock_Config) refers to stm32f1xx_hal_rcc.o(i.HAL_RCC_OscConfig) for HAL_RCC_OscConfig
    main.o(i.SystemClock_Config) refers to stm32f1xx_hal_rcc.o(i.HAL_RCC_ClockConfig) for HAL_RCC_ClockConfig
    main.o(i.main) refers to stm32f1xx_hal.o(i.HAL_Init) for HAL_Init
    main.o(i.main) refers to main.o(i.SystemClock_Config) for SystemClock_Config
    main.o(i.main) refers to gpio.o(i.MX_GPIO_Init) for MX_GPIO_Init
    main.o(i.main) refers to i2c.o(i.MX_I2C1_Init) for MX_I2C1_Init
    main.o(i.main) refers to oled.o(i.OLED_Init) for OLED_Init
    main.o(i.main) refers to oled.o(i.OLED_Printf) for OLED_Printf
    main.o(i.main) refers to oled.o(i.OLED_Update) for OLED_Update
    gpio.o(i.MX_GPIO_Init) refers to stm32f1xx_hal_gpio.o(i.HAL_GPIO_Init) for HAL_GPIO_Init
    i2c.o(i.HAL_I2C_MspDeInit) refers to stm32f1xx_hal_gpio.o(i.HAL_GPIO_DeInit) for HAL_GPIO_DeInit
    i2c.o(i.HAL_I2C_MspDeInit) refers to stm32f1xx_hal_cortex.o(i.HAL_NVIC_DisableIRQ) for HAL_NVIC_DisableIRQ
    i2c.o(i.HAL_I2C_MspInit) refers to stm32f1xx_hal_gpio.o(i.HAL_GPIO_Init) for HAL_GPIO_Init
    i2c.o(i.HAL_I2C_MspInit) refers to stm32f1xx_hal_cortex.o(i.HAL_NVIC_SetPriority) for HAL_NVIC_SetPriority
    i2c.o(i.HAL_I2C_MspInit) refers to stm32f1xx_hal_cortex.o(i.HAL_NVIC_EnableIRQ) for HAL_NVIC_EnableIRQ
    i2c.o(i.MX_I2C1_Init) refers to stm32f1xx_hal_i2c.o(i.HAL_I2C_Init) for HAL_I2C_Init
    i2c.o(i.MX_I2C1_Init) refers to main.o(i.Error_Handler) for Error_Handler
    i2c.o(i.MX_I2C1_Init) refers to i2c.o(.bss) for .bss
    stm32f1xx_it.o(i.I2C1_ER_IRQHandler) refers to stm32f1xx_hal_i2c.o(i.HAL_I2C_ER_IRQHandler) for HAL_I2C_ER_IRQHandler
    stm32f1xx_it.o(i.I2C1_ER_IRQHandler) refers to i2c.o(.bss) for hi2c1
    stm32f1xx_it.o(i.I2C1_EV_IRQHandler) refers to stm32f1xx_hal_i2c.o(i.HAL_I2C_EV_IRQHandler) for HAL_I2C_EV_IRQHandler
    stm32f1xx_it.o(i.I2C1_EV_IRQHandler) refers to i2c.o(.bss) for hi2c1
    stm32f1xx_it.o(i.SysTick_Handler) refers to stm32f1xx_hal.o(i.HAL_IncTick) for HAL_IncTick
    stm32f1xx_hal_i2c.o(i.HAL_I2C_DeInit) refers to i2c.o(i.HAL_I2C_MspDeInit) for HAL_I2C_MspDeInit
    stm32f1xx_hal_i2c.o(i.HAL_I2C_ER_IRQHandler) refers to stm32f1xx_hal_i2c.o(i.I2C_Slave_AF) for I2C_Slave_AF
    stm32f1xx_hal_i2c.o(i.HAL_I2C_ER_IRQHandler) refers to stm32f1xx_hal_i2c.o(i.I2C_ITError) for I2C_ITError
    stm32f1xx_hal_i2c.o(i.HAL_I2C_EV_IRQHandler) refers to stm32f1xx_hal_i2c.o(i.I2C_Slave_ADDR) for I2C_Slave_ADDR
    stm32f1xx_hal_i2c.o(i.HAL_I2C_EV_IRQHandler) refers to stm32f1xx_hal_i2c.o(i.I2C_Master_SB) for I2C_Master_SB
    stm32f1xx_hal_i2c.o(i.HAL_I2C_EV_IRQHandler) refers to stm32f1xx_hal_i2c.o(i.I2C_Master_ADDR) for I2C_Master_ADDR
[...]
    _printf_input_char                       0x080006b5   Thumb Code    10  _printf_char_common.o(.text)
    .text                                    0x080006e4   Section        0  _sputc.o(.text)
    .text                                    0x080006f0   Section        0  _printf_wctomb.o(.text)
    .text                                    0x080007ac   Section        0  _printf_longlong_dec.o(.text)
    .text                                    0x08000828   Section        0  _printf_oct_int_ll.o(.text)
    _printf_longlong_oct_internal            0x08000829   Thumb Code     0  _printf_oct_int_ll.o(.text)
    .text                                    0x08000898   Section        0  _printf_hex_int_ll_ptr.o(.text)
    _printf_hex_common                       0x08000899   Thumb Code     0  _printf_hex_int_ll_ptr.o(.text)
    .text                                    0x0800092c   Section        0  __printf_flags_ss_wp.o(.text)
    .text                                    0x08000ab4   Section      100  rt_memcpy_w.o(.text)
    .text                                    0x08000b18   Section        8  libspace.o(.text)
    .text                                    0x08000b20   Section        0  h1_extend.o(.text)
    .text                                    0x08000b54   Section      138  lludiv10.o(.text)
    .text                                    0x08000bde   Section        0  _printf_intcommon.o(.text)
    .text                                    0x08000c90   Section        0  _printf_fp_dec.o(.text)
    _fp_digits                               0x08000c93   Thumb Code   432  _printf_fp_dec.o(.text)
    .text                                    0x080010b0   Section        0  _printf_fp_hex.o(.text)
    .text                                    0x080013ac   Section        0  _printf_char.o(.text)
    .text                                    0x080013d8   Section        0  _printf_wchar.o(.text)
    .text                                    0x08001404   Section        0  _wcrtomb.o(.text)
    .text                                    0x08001444   Section        0  defsig_rtmem_outer.o(.text)
    .text                                    0x08001452   Section        2  use_no_semi.o(.text)
    .text                                    0x08001454   Section       74  sys_stackheap_outer.o(.text)
    .text                                    0x08001454   Section        0  indicate_semi.o(.text)
    .text                                    0x080014a0   Section       16  rt_ctype_table.o(.text)
    .text                                    0x080014b0   Section        8  rt_locale_intlibspace.o(.text)
    .text                                    0x080014b8   Section        0  _printf_fp_infnan.o(.text)
    .text                                    0x08001538   Section        0  bigflt0.o(.text)
    .text                                    0x0800161c   Section        0  exit.o(.text)
    .text                                    0x0800162e   Section        0  defsig_exit.o(.text)
    .text                                    0x08001638   Section        0  defsig_rtmem_inner.o(.text)
    .text                                    0x08001688   Section        0  sys_exit.o(.text)
    .text                                    0x08001694   Section        0  defsig_general.o(.text)
    .text                                    0x080016c6   Section        0  sys_wrch.o(.text)
    CL$$btod_d2e                             0x080016d4   Section       62  btod.o(CL$$btod_d2e)
    CL$$btod_d2e_denorm_low                  0x08001712   Section       70  btod.o(CL$$btod_d2e_denorm_low)
    CL$$btod_d2e_norm_op1                    0x08001758   Section       96  btod.o(CL$$btod_d2e_norm_op1)
    CL$$btod_div_common                      0x080017b8   Section      824  btod.o(CL$$btod_div_common)
    CL$$btod_e2e                             0x08001af0   Section      220  btod.o(CL$$btod_e2e)
    CL$$btod_ediv                            0x08001bcc   Section       42  btod.o(CL$$btod_ediv)
    CL$$btod_emul                            0x08001bf6   Section       42  btod.o(CL$$btod_emul)
    CL$$btod_mult_common                     0x08001c20   Section      580  btod.o(CL$$btod_mult_common)
    i.BusFault_Handler                       0x08001e64   Section        0  stm32f1xx_it.o(i.BusFault_Handler)
    i.DebugMon_Handler                       0x08001e66   Section        0  stm32f1xx_it.o(i.DebugMon_Handler)
    i.Error_Handler                          0x08001e68   Section        0  main.o(i.Error_Handler)
    i.HAL_DMA_Abort_IT                       0x08001e6c   Section        0  stm32f1xx_hal_dma.o(i.HAL_DMA_Abort_IT)
    i.HAL_DMA_GetState                       0x08001f04   Section        0  stm32f1xx_hal_dma.o(i.HAL_DMA_GetState)
    i.HAL_GPIO_Init                          0x08001f0c   Section        0  stm32f1xx_hal_gpio.o(i.HAL_GPIO_Init)
    i.HAL_GetTick                            0x080020ec   Section        0  stm32f1xx_hal.o(i.HAL_GetTick)
    i.HAL_I2C_AbortCpltCallback              0x080020f8   Section        0  stm32f1xx_hal_i2c.o(i.HAL_I2C_AbortCpltCallback)
    i.HAL_I2C_AddrCallback                   0x080020fa   Section        0  stm32f1xx_hal_i2c.o(i.HAL_I2C_AddrCallback)
    i.HAL_I2C_ER_IRQHandler                  0x080020fc   Section        0  stm32f1xx_hal_i2c.o(i.HAL_I2C_ER_IRQHandler)
    i.HAL_I2C_EV_IRQHandler                  0x080021c0   Section        0  stm32f1xx_hal_i2c.o(i.HAL_I2C_EV_IRQHandler)
    i.HAL_I2C_ErrorCallback                  0x080023f0   Section        0  stm32f1xx_hal_i2c.o(i.HAL_I2C_ErrorCallback)
    i.HAL_I2C_Init                           0x080023f4   Section        0  stm32f1xx_hal_i2c.o(i.HAL_I2C_Init)
    i.HAL_I2C_ListenCpltCallback             0x0800257c   Section        0  stm32f1xx_hal_i2c.o(i.HAL_I2C_ListenCpltCallback)
    i.HAL_I2C_MasterRxCpltCallback           0x0800257e   Section        0  stm32f1xx_hal_i2c.o(i.HAL_I2C_MasterRxCpltCallback)
    i.HAL_I2C_MasterTxCpltCallback           0x08002580   Section        0  stm32f1xx_hal_i2c.o(i.HAL_I2C_MasterTxCpltCallback)
    i.HAL_I2C_Master_Transmit                0x08002584   Section        0  stm32f1xx_hal_i2c.o(i.HAL_I2C_Master_Transmit)
    i.HAL_I2C_MemRxCpltCallback              0x080026b0   Section        0  stm32f1xx_hal_i2c.o(i.HAL_I2C_MemRxCpltCallback)
    i.HAL_I2C_MemTxCpltCallback              0x080026b2   Section        0  stm32f1xx_hal_i2c.o(i.HAL_I2C_MemTxCpltCallback)
    i.HAL_I2C_MspInit                        0x080026b4   Section        0  i2c.o(i.HAL_I2C_MspInit)
    i.HAL_I2C_SlaveRxCpltCallback            0x08002744   Section        0  stm32f1xx_hal_i2c.o(i.HAL_I2C_SlaveRxCpltCallback)
    i.HAL_I2C_SlaveTxCpltCallback            0x08002746   Section        0  stm32f1xx_hal_i2c.o(i.HAL_I2C_SlaveTxCpltCallback)
    i.HAL_IncTick                            0x08002748   Section        0  stm32f1xx_hal.o(i.HAL_IncTick)
    i.HAL_Init                               0x08002758   Section        0  stm32f1xx_hal.o(i.HAL_Init)
    i.HAL_InitTick                           0x0800277c   Section        0  stm32f1xx_hal.o(i.HAL_InitTick)
    i.HAL_MspInit                            0x080027bc   Section        0  stm32f1xx_hal_msp.o(i.HAL_MspInit)
    i.HAL_NVIC_EnableIRQ                     0x080027f8   Section        0  stm32f1xx_hal_cortex.o(i.HAL_NVIC_EnableIRQ)
    i.HAL_NVIC_SetPriority                   0x08002814   Section        0  stm32f1xx_hal_cortex.o(i.HAL_NVIC_SetPriority)
    i.HAL_NVIC_SetPriorityGrouping           0x08002854   Section        0  stm32f1xx_hal_cortex.o(i.HAL_NVIC_SetPriorityGrouping)
    i.HAL_RCC_ClockConfig                    0x08002878   Section        0  stm32f1xx_hal_rcc.o(i.HAL_RCC_ClockConfig)
    i.HAL_RCC_GetPCLK1Freq                   0x080029a4   Section        0  stm32f1xx_hal_rcc.o(i.HAL_RCC_GetPCLK1Freq)
    i.HAL_RCC_GetSysClockFreq                0x080029c4   Section        0  stm32f1xx_hal_rcc.o(i.HAL_RCC_GetSysClockFreq)
    i.HAL_RCC_OscConfig                      0x08002a10   Section        0  stm32f1xx_hal_rcc.o(i.HAL_RCC_OscConfig)
    i.HAL_SYSTICK_Config                     0x08002d30   Section        0  stm32f1xx_hal_cortex.o(i.HAL_SYSTICK_Config)
    i.HardFault_Handler                      0x08002d58   Section        0  stm32f1xx_it.o(i.HardFault_Handler)
    i.I2C1_ER_IRQHandler                     0x08002d5c   Section        0  stm32f1xx_it.o(i.I2C1_ER_IRQHandler)
    i.I2C1_EV_IRQHandler                     0x08002d68   Section        0  stm32f1xx_it.o(i.I2C1_EV_IRQHandler)
    i.I2C_DMAAbort                           0x08002d74   Section        0  stm32f1xx_hal_i2c.o(i.I2C_DMAAbort)
    I2C_DMAAbort                             0x08002d75   Thumb Code   182  stm32f1xx_hal_i2c.o(i.I2C_DMAAbort)
    i.I2C_Flush_DR                           0x08002e30   Section        0  stm32f1xx_hal_i2c.o(i.I2C_Flush_DR)
    I2C_Flush_DR                             0x08002e31   Thumb Code    16  stm32f1xx_hal_i2c.o(i.I2C_Flush_DR)
    i.I2C_ITError                            0x08002e40   Section        0  stm32f1xx_hal_i2c.o(i.I2C_ITError)
    I2C_ITError                              0x08002e41   Thumb Code   336  stm32f1xx_hal_i2c.o(i.I2C_ITError)
    i.I2C_IsAcknowledgeFailed                0x08002f98   Section        0  stm32f1xx_hal_i2c.o(i.I2C_IsAcknowledgeFailed)
    I2C_IsAcknowledgeFailed                  0x08002f99   Thumb Code    46  stm32f1xx_hal_i2c.o(i.I2C_IsAcknowledgeFailed)
    i.I2C_MasterReceive_BTF                  0x08002fc6   Section        0  stm32f1xx_hal_i2c.o(i.I2C_MasterReceive_BTF)
    I2C_MasterReceive_BTF                    0x08002fc7   Thumb Code   218  stm32f1xx_hal_i2c.o(i.I2C_MasterReceive_BTF)
    i.I2C_MasterReceive_RXNE                 0x080030a0   Section        0  stm32f1xx_hal_i2c.o(i.I2C_MasterReceive_RXNE)
    I2C_MasterReceive_RXNE                   0x080030a1   Thumb Code   238  stm32f1xx_hal_i2c.o(i.I2C_MasterReceive_RXNE)
    i.I2C_MasterRequestWrite                 0x08003194   Section        0  stm32f1xx_hal_i2c.o(i.I2C_MasterRequestWrite)
    I2C_MasterRequestWrite                   0x08003195   Thumb Code   150  stm32f1xx_hal_i2c.o(i.I2C_MasterRequestWrite)
    i.I2C_MasterTransmit_BTF                 0x08003230   Section        0  stm32f1xx_hal_i2c.o(i.I2C_MasterTransmit_BTF)
    I2C_MasterTransmit_BTF                   0x08003231   Thumb Code   130  stm32f1xx_hal_i2c.o(i.I2C_MasterTransmit_BTF)
    i.I2C_MasterTransmit_TXE                 0x080032b4   Section        0  stm32f1xx_hal_i2c.o(i.I2C_MasterTransmit_TXE)
    I2C_MasterTransmit_TXE                   0x080032b5   Thumb Code   182  stm32f1xx_hal_i2c.o(i.I2C_MasterTransmit_TXE)
    i.I2C_Master_ADDR                        0x0800336c   Section        0  stm32f1xx_hal_i2c.o(i.I2C_Master_ADDR)
    I2C_Master_ADDR                          0x0800336d   Thumb Code   340  stm32f1xx_hal_i2c.o(i.I2C_Master_ADDR)
    i.I2C_Master_SB                          0x080034c4   Section        0  stm32f1xx_hal_i2c.o(i.I2C_Master_SB)
    I2C_Master_SB                            0x080034c5   Thumb Code   140  stm32f1xx_hal_i2c.o(i.I2C_Master_SB)
    i.I2C_MemoryTransmit_TXE_BTF             0x08003550   Section        0  stm32f1xx_hal_i2c.o(i.I2C_MemoryTransmit_TXE_BTF)
    I2C_MemoryTransmit_TXE_BTF               0x08003551   Thumb Code   168  stm32f1xx_hal_i2c.o(i.I2C_MemoryTransmit_TXE_BTF)
    i.I2C_Slave_ADDR                         0x080035f8   Section        0  stm32f1xx_hal_i2c.o(i.I2C_Slave_ADDR)
    I2C_Slave_ADDR                           0x080035f9   Thumb Code    70  stm32f1xx_hal_i2c.o(i.I2C_Slave_ADDR)
    i.I2C_Slave_AF                           0x08003640   Section        0  stm32f1xx_hal_i2c.o(i.I2C_Slave_AF)
    I2C_Slave_AF                             0x08003641   Thumb Code   138  stm32f1xx_hal_i2c.o(i.I2C_Slave_AF)
    i.I2C_Slave_STOPF                        0x080036d0   Section        0  stm32f1xx_hal_i2c.o(i.I2C_Slave_STOPF)
    I2C_Slave_STOPF                          0x080036d1   Thumb Code   338  stm32f1xx_hal_i2c.o(i.I2C_Slave_STOPF)
    i.I2C_WaitOnBTFFlagUntilTimeout          0x0800382c   Section        0  stm32f1xx_hal_i2c.o(i.I2C_WaitOnBTFFlagUntilTimeout)
    I2C_WaitOnBTFFlagUntilTimeout            0x0800382d   Thumb Code    86  stm32f1xx_hal_i2c.o(i.I2C_WaitOnBTFFlagUntilTimeout)
    i.I2C_WaitOnFlagUntilTimeout             0x08003884   Section        0  stm32f1xx_hal_i2c.o(i.I2C_WaitOnFlagUntilTimeout)
    I2C_WaitOnFlagUntilTimeout               0x08003885   Thumb Code   144  stm32f1xx_hal_i2c.o(i.I2C_WaitOnFlagUntilTimeout)
    i.I2C_WaitOnMasterAddressFlagUntilTimeout 0x08003914   Section        0  stm32f1xx_hal_i2c.o(i.I2C_WaitOnMasterAddressFlagUntilTimeout)
    I2C_WaitOnMasterAddressFlagUntilTimeout  0x08003915   Thumb Code   188  stm32f1xx_hal_i2c.o(i.I2C_WaitOnMasterAddressFlagUntilTimeout)
    i.I2C_WaitOnTXEFlagUntilTimeout          0x080039d0   Section        0  stm32f1xx_hal_i2c.o(i.I2C_WaitOnTXEFlagUntilTimeout)
    I2C_WaitOnTXEFlagUntilTimeout            0x080039d1   Thumb Code    86  stm32f1xx_hal_i2c.o(i.I2C_WaitOnTXEFlagUntilTimeout)
    i.MX_GPIO_Init                           0x08003a28   Section        0  gpio.o(i.MX_GPIO_Init)
    i.MX_I2C1_Init                           0x08003a80   Section        0  i2c.o(i.MX_I2C1_Init)
    i.MemManage_Handler                      0x08003ac0   Section        0  stm32f1xx_it.o(i.MemManage_Handler)
    i.NMI_Handler                            0x08003ac2   Section        0  stm32f1xx_it.o(i.NMI_Handler)
    i.OLED_Clear                             0x08003ac4   Section        0  oled.o(i.OLED_Clear)
    i.OLED_ClearArea                         0x08003aec   Section        0  oled.o(i.OLED_ClearArea)
    i.OLED_Init                              0x08003b48   Section        0  oled.o(i.OLED_Init)
    i.OLED_Printf                            0x08003be0   Section        0  oled.o(i.OLED_Printf)
    i.OLED_SetCursor                         0x08003c0a   Section        0  oled.o(i.OLED_SetCursor)
    i.OLED_ShowChar                          0x08003c2c   Section        0  oled.o(i.OLED_ShowChar)
    i.OLED_ShowImage                         0x08003c68   Section        0  oled.o(i.OLED_ShowImage)
    i.OLED_ShowString                        0x08003d24   Section        0  oled.o(i.OLED_ShowString)
    i.OLED_Update                            0x08003e00   Section        0  oled.o(i.OLED_Update)
    i.OLED_WriteCommand                      0x08003e28   Section        0  oled.o(i.OLED_WriteCommand)
    i.OLED_WriteData                         0x08003e48   Section        0  oled.o(i.OLED_WriteData)
    i.PendSV_Handler                         0x08003e84   Section        0  stm32f1xx_it.o(i.PendSV_Handler)
    i.SVC_Handler                            0x08003e86   Section        0  stm32f1xx_it.o(i.SVC_Handler)
    i.SysTick_Handler                        0x08003e88   Section        0  stm32f1xx_it.o(i.SysTick_Handler)
    i.SystemClock_Config                     0x08003e8c   Section        0  main.o(i.SystemClock_Config)
    i.SystemInit                             0x08003eea   Section        0  system_stm32f1xx.o(i.SystemInit)
    i.UsageFault_Handler                     0x08003eec   Section        0  stm32f1xx_it.o(i.UsageFault_Handler)
    i.__ARM_fpclassify                       0x08003eee   Section        0  fpclassify.o(i.__ARM_fpclassify)
    i.__NVIC_SetPriority                     0x08003f16   Section        0  stm32f1xx_hal_cortex.o(i.__NVIC_SetPriority)
    __NVIC_SetPriority                       0x08003f17   Thumb Code    32  stm32f1xx_hal_cortex.o(i.__NVIC_SetPriority)
    i._is_digit                              0x08003f36   Section        0  __printf_wp.o(i._is_digit)
    i.main                                   0x08003f44   Section        0  main.o(i.main)
    locale$$code                             0x08003f74   Section       44  lc_numeric_c.o(locale$$code)
    locale$$code                             0x08003fa0   Section       44  lc_ctype_c.o(locale$$code)
    x$fpl$printf1                            0x08003fcc   Section        4  printf1.o(x$fpl$printf1)
    x$fpl$printf2                            0x08003fd0   Section        4  printf2.o(x$fpl$printf2)
    .constdata                               0x08003fd4   Section       18  stm32f1xx_hal_rcc.o(.constdata)
    x$fpl$usenofp                            0x08003fd4   Section        0  usenofp.o(x$fpl$usenofp)
    aPredivFactorTable                       0x08003fd4   Data           2  stm32f1xx_hal_rcc.o(.constdata)
    aPLLMULFactorTable                       0x08003fd6   Data          16  stm32f1xx_hal_rcc.o(.constdata)
    .constdata                               0x08003fe6   Section       16  system_stm32f1xx.o(.constdata)
    .constdata                               0x08003ff6   Section        8  system_stm32f1xx.o(.constdata)
    .constdata                               0x08003ffe   Section     1520  oled_data.o(.constdata)
    .constdata                               0x080045ee   Section      570  oled_data.o(.constdata)
    .constdata                               0x08004828   Section      245  oled_data.o(.constdata)
    .constdata                               0x08004920   Section        8  _printf_wctomb.o(.constdata)
    initial_mbstate                          0x08004920   Data           8  _printf_wctomb.o(.constdata)
    .constdata                               0x08004928   Section       40  _printf_hex_int_ll_ptr.o(.constdata)
    uc_hextab                                0x08004928   Data          20  _printf_hex_int_ll_ptr.o(.constdata)
    lc_hextab                                0x0800493c   Data          20  _printf_hex_int_ll_ptr.o(.constdata)
    .constdata                               0x08004950   Section       17  __printf_flags_ss_wp.o(.constdata)
    maptable                                 0x08004950   Data          17  __printf_flags_ss_wp.o(.constdata)
    .constdata                               0x08004961   Section       38  _printf_fp_hex.o(.constdata)
    lc_hextab                                0x08004961   Data          19  _printf_fp_hex.o(.constdata)
    uc_hextab                                0x08004974   Data          19  _printf_fp_hex.o(.constdata)
    .constdata                               0x08004988   Section      148  bigflt0.o(.constdata)
    tenpwrs_x                                0x08004988   Data          60  bigflt0.o(.constdata)
    tenpwrs_i                                0x080049c4   Data          64  bigflt0.o(.constdata)
    locale$$data                             0x08004a3c   Section       28  lc_numeric_c.o(locale$$data)
    __lcnum_c_name                           0x08004a40   Data           2  lc_numeric_c.o(locale$$data)
    __lcnum_c_start                          0x08004a48   Data           0  lc_numeric_c.o(locale$$data)
    __lcnum_c_point                          0x08004a54   Data           0  lc_numeric_c.o(locale$$data)
    __lcnum_c_thousands                      0x08004a56   Data           0  lc_numeric_c.o(locale$$data)
    __lcnum_c_grouping                       0x08004a57   Data           0  lc_numeric_c.o(locale$$data)
    locale$$data                             0x08004a58   Section      272  lc_ctype_c.o(locale$$data)
    __lcnum_c_end                            0x08004a58   Data           0  lc_numeric_c.o(locale$$data)
    __lcctype_c_name                         0x08004a5c   Data           2  lc_ctype_c.o(locale$$data)
    __lcctype_c_start                        0x08004a64   Data           0  lc_ctype_c.o(locale$$data)
    __lcctype_c_end                          0x08004b68   Data           0  lc_ctype_c.o(locale$$data)
    .data                                    0x20000000   Section       12  stm32f1xx_hal.o(.data)
    .data                                    0x2000000c   Section        4  system_stm32f1xx.o(.data)
    .bss                                     0x20000010   Section       84  i2c.o(.bss)
    .bss                                     0x20000064   Section     1024  oled.o(.bss)
    .bss                                     0x20000464   Section       96  libspace.o(.bss)
    HEAP                                     0x200004c8   Section      512  startup_stm32f103xb.o(HEAP)
    Heap_Mem                                 0x200004c8   Data         512  startup_stm32f103xb.o(HEAP)
    STACK                                    0x200006c8   Section     1024  startup_stm32f103xb.o(STACK)
    Stack_Mem                                0x200006c8   Data        1024  startup_stm32f103xb.o(STACK)
    __initial_sp                             0x20000ac8   Data           0  startup_stm32f103xb.o(STACK)

    Global Symbols

    Symbol Name                              Value     Ov Type        Size  Object(Section)

    BuildAttributes$$THM_ISAv4$P$D$K$B$S$PE$A:L22UL41UL21$X:L11$S22US41US21$IEEE1$IW$USESV6$~STKCKD$USESV7$~SHL$OTIME$ROPI$IEEEX$EBA8$UX$STANDARDLIB$REQ8$PRES8$EABIv2 0x00000000   Number         0  anon$$obj.o ABSOLUTE
    __ARM_use_no_argv                        0x00000000   Number         0  main.o ABSOLUTE
    _printf_flags                            0x00000000   Number         0  printf_stubs.o ABSOLUTE
    _printf_return_value                     0x00000000   Number         0  printf_stubs.o ABSOLUTE
    _printf_sizespec                         0x00000000   Number         0  printf_stubs.o ABSOLUTE
    _printf_widthprec                        0x00000000   Number         0  printf_stubs.o ABSOLUTE
    __ARM_exceptions_init                     - Undefined Weak Reference
    __alloca_initialize                       - Undefined Weak Reference
    __arm_preinit_                            - Undefined Weak Reference
    __cpp_initialize__aeabi_                  - Undefined Weak Reference
    __cxa_finalize                            - Undefined Weak Reference
    __sigvec_lookup                           - Undefined Weak Reference
    __user_heap_extent                        - Undefined Weak Reference
    _atexit_init                              - Undefined Weak Reference
    _call_atexit_fns                          - Undefined Weak Reference
    _clock_init                               - Undefined Weak Reference
    _fp_trap_init                             - Undefined Weak Reference
    _fp_trap_shutdown                         - Undefined Weak Reference
    _get_lc_collate                           - Undefined Weak Reference
    _get_lc_monetary                          - Undefined Weak Reference
    _get_lc_time                              - Undefined Weak Reference
    _getenv_init                              - Undefined Weak Reference
    _handle_redirection                       - Undefined Weak Reference
    _initio                                   - Undefined Weak Reference
    _mutex_acquire                            - Undefined Weak Reference
    _mutex_free                               - Undefined Weak Reference
    _mutex_release                            - Undefined Weak Reference
    _printf_mbtowc                            - Undefined Weak Reference
    _printf_wc                                - Undefined Weak Reference
    _rand_init                                - Undefined Weak Reference
    _signal_finish                            - Undefined Weak Reference
    _signal_init                              - Undefined Weak Reference
    _terminateio                              - Undefined Weak Reference
    __Vectors_Size                           0x000000ec   Number         0  startup_stm32f103xb.o ABSOLUTE
    __Vectors                                0x08000000   Data           4  startup_stm32f103xb.o(RESET)
    __Vectors_End                            0x080000ec   Data           0  startup_stm32f103xb.o(RESET)
    __main                                   0x080000ed   Thumb Code     8  __main.o(!!!main)
    __scatterload                            0x080000f5   Thumb Code     0  __scatter.o(!!!scatter)
    __scatterload_rt2                        0x080000f5   Thumb Code    44  __scatter.o(!!!scatter)
    __scatterload_rt2_thumb_only             0x080000f5   Thumb Code     0  __scatter.o(!!!scatter)
    __scatterload_null                       0x08000103   Thumb Code     0  __scatter.o(!!!scatter)
    __scatterload_copy                       0x08000129   Thumb Code    26  __scatter_copy.o(!!handler_copy)
    __scatterload_zeroinit                   0x08000145   Thumb Code    28  __scatter_zi.o(!!handler_zi)
    _printf_n                                0x08000161   Thumb Code     0  _printf_n.o(.ARM.Collect$$_printf_percent$$00000001)
    _printf_percent                          0x08000161   Thumb Code     0  _printf_percent.o(.ARM.Collect$$_printf_percent$$00000000)
    _printf_p                                0x08000167   Thumb Code     0  _printf_p.o(.ARM.Collect$$_printf_percent$$00000002)
    _printf_f                                0x0800016d   Thumb Code     0  _printf_f.o(.ARM.Collect$$_printf_percent$$00000003)
    _printf_e                                0x08000173   Thumb Code     0  _printf_e.o(.ARM.Collect$$_printf_percent$$00000004)
    _printf_g                                0x08000179   Thumb Code     0  _printf_g.o(.ARM.Collect$$_printf_percent$$00000005)
    _printf_a                                0x0800017f   Thumb Code     0  _printf_a.o(.ARM.Collect$$_printf_percent$$00000006)
    _printf_ll                               0x08000185   Thumb Code     0  _printf_ll.o(.ARM.Collect$$_printf_percent$$00000007)
    _printf_i                                0x0800018f   Thumb Code     0  _printf_i.o(.ARM.Collect$$_printf_percent$$00000008)
    _printf_d                                0x08000195   Thumb Code     0  _printf_d.o(.ARM.Collect$$_printf_percent$$00000009)
    _printf_u                                0x0800019b   Thumb Code     0  _printf_u.o(.ARM.Collect$$_printf_percent$$0000000A)
    _printf_o                                0x080001a1   Thumb Code     0  _printf_o.o(.ARM.Collect$$_printf_percent$$0000000B)
    _printf_x                                0x080001a7   Thumb Code     0  _printf_x.o(.ARM.Collect$$_printf_percent$$0000000C)
    _printf_lli                              0x080001ad   Thumb Code     0  _printf_lli.o(.ARM.Collect$$_printf_percent$$0000000D)
    _printf_lld                              0x080001b3   Thumb Code     0  _printf_lld.o(.ARM.Collect$$_printf_percent$$0000000E)
    _printf_llu                              0x080001b9   Thumb Code     0  _printf_llu.o(.ARM.Collect$$_printf_percent$$0000000F)
    _printf_llo                              0x080001bf   Thumb Code     0  _printf_llo.o(.ARM.Collect$$_printf_percent$$00000010)
    _printf_llx                              0x080001c5   Thumb Code     0  _printf_llx.o(.ARM.Collect$$_printf_percent$$00000011)
    _printf_l                                0x080001cb   Thumb Code     0  _printf_l.o(.ARM.Collect$$_printf_percent$$00000012)
    _printf_c                                0x080001d5   Thumb Code     0  _printf_c.o(.ARM.Collect$$_printf_percent$$00000013)
    _printf_s                                0x080001db   Thumb Code     0  _printf_s.o(.ARM.Collect$$_printf_percent$$00000014)
    _printf_lc                               0x080001e1   Thumb Code     0  _printf_lc.o(.ARM.Collect$$_printf_percent$$00000015)
    _printf_ls                               0x080001e7   Thumb Code     0  _printf_ls.o(.ARM.Collect$$_printf_percent$$00000016)
    _printf_percent_end                      0x080001ed   Thumb Code     0  _printf_percent_end.o(.ARM.Collect$$_printf_percent$$00000017)
    __rt_lib_init                            0x080001f1   Thumb Code     0  libinit.o(.ARM.Collect$$libinit$$00000000)
    __rt_lib_init_fp_1                       0x080001f3   Thumb Code     0  libinit2.o(.ARM.Collect$$libinit$$00000002)
    __rt_lib_init_heap_2                     0x080001f3   Thumb Code     0  libinit2.o(.ARM.Collect$$libinit$$00000005)
    __rt_lib_init_preinit_1                  0x080001f3   Thumb Code     0  libinit2.o(.ARM.Collect$$libinit$$00000004)
    __rt_lib_init_heap_1                     0x080001fb   Thumb Code     0  libinit2.o(.ARM.Collect$$libinit$$0000000A)
    __rt_lib_init_lc_common                  0x080001fb   Thumb Code     0  libinit2.o(.ARM.Collect$$libinit$$0000000F)
    __rt_lib_init_rand_1                     0x080001fb   Thumb Code     0  libinit2.o(.ARM.Collect$$libinit$$0000000E)
    __rt_lib_init_user_alloc_1               0x080001fb   Thumb Code     0  libinit2.o(.ARM.Collect$$libinit$$0000000C)
    __rt_lib_init_lc_collate_1               0x08000201   Thumb Code     0  libinit2.o(.ARM.Collect$$libinit$$00000011)
    __rt_lib_init_lc_ctype_2                 0x08000201   Thumb Code     0  libinit2.o(.ARM.Collect$$libinit$$00000012)
    __rt_lib_init_lc_ctype_1                 0x0800020d   Thumb Code     0  libinit2.o(.ARM.Collect$$libinit$$00000013)
    __rt_lib_init_lc_monetary_1              0x0800020d   Thumb Code     0  libinit2.o(.ARM.Collect$$libinit$$00000015)
    __rt_lib_init_lc_numeric_2               0x0800020d   Thumb Code     0  libinit2.o(.ARM.Collect$$libinit$$00000016)
    __rt_lib_init_alloca_1                   0x08000217   Thumb Code     0  libinit2.o(.ARM.Collect$$libinit$$0000002E)
    __rt_lib_init_argv_1                     0x08000217   Thumb Code     0  libinit2.o(.ARM.Collect$$libinit$$0000002C)
    __rt_lib_init_atexit_1                   0x08000217   Thumb Code     0  libinit2.o(.ARM.Collect$$libinit$$0000001B)
    __rt_lib_init_clock_1                    0x08000217   Thumb Code     0  libinit2.o(.ARM.Collect$$libinit$$00000021)
    __rt_lib_init_cpp_1                      0x08000217   Thumb Code     0  libinit2.o(.ARM.Collect$$libinit$$00000032)
    __rt_lib_init_exceptions_1               0x08000217   Thumb Code     0  libinit2.o(.ARM.Collect$$libinit$$00000030)
    __rt_lib_init_fp_trap_1                  0x08000217   Thumb Code     0  libinit2.o(.ARM.Collect$$libinit$$0000001F)
    __rt_lib_init_getenv_1                   0x08000217   Thumb Code     0  libinit2.o(.ARM.Collect$$libinit$$00000023)
    __rt_lib_init_lc_numeric_1               0x08000217   Thumb Code     0  libinit2.o(.ARM.Collect$$libinit$$00000017)
    __rt_lib_init_lc_time_1                  0x08000217   Thumb Code     0  libinit2.o(.ARM.Collect$$libinit$$00000019)
    __rt_lib_init_return                     0x08000217   Thumb Code     0  libinit2.o(.ARM.Collect$$libinit$$00000033)
    __rt_lib_init_signal_1                   0x08000217   Thumb Code     0  libinit2.o(.ARM.Collect$$libinit$$0000001D)
    __rt_lib_init_stdio_1                    0x08000217   Thumb Code     0  libinit2.o(.ARM.Collect$$libinit$$00000025)
    __rt_lib_shutdown                        0x08000219   Thumb Code     0  libshutdown.o(.ARM.Collect$$libshutdown$$00000000)
    __rt_lib_shutdown_cpp_1                  0x0800021b   Thumb Code     0  libshutdown2.o(.ARM.Collect$$libshutdown$$00000002)
    __rt_lib_shutdown_fp_trap_1              0x0800021b   Thumb Code     0  libshutdown2.o(.ARM.Collect$$libshutdown$$00000007)
    __rt_lib_shutdown_heap_1                 0x0800021b   Thumb Code     0  libshutdown2.o(.ARM.Collect$$libshutdown$$0000000F)
    __rt_lib_shutdown_return                 0x0800021b   Thumb Code     0  libshutdown2.o(.ARM.Collect$$libshutdown$$00000010)
    __rt_lib_shutdown_signal_1               0x0800021b   Thumb Code     0  libshutdown2.o(.ARM.Collect$$libshutdown$$0000000A)
    __rt_lib_shutdown_stdio_1                0x0800021b   Thumb Code     0  libshutdown2.o(.ARM.Collect$$libshutdown$$00000004)
    __rt_lib_shutdown_user_alloc_1           0x0800021b   Thumb Code     0  libshutdown2.o(.ARM.Collect$$libshutdown$$0000000C)
    __rt_entry                               0x0800021d   Thumb Code     0  __rtentry.o(.ARM.Collect$$rtentry$$00000000)
    __rt_entry_presh_1                       0x0800021d   Thumb Code     0  __rtentry2.o(.ARM.Collect$$rtentry$$00000002)
    __rt_entry_sh                            0x0800021d   Thumb Code     0  __rtentry4.o(.ARM.Collect$$rtentry$$00000004)
    __rt_entry_li                            0x08000223   Thumb Code     0  __rtentry2.o(.ARM.Collect$$rtentry$$0000000A)
    __rt_entry_postsh_1                      0x08000223   Thumb Code     0  __rtentry2.o(.ARM.Collect$$rtentry$$00000009)
    __rt_entry_main                          0x08000227   Thumb Code     0  __rtentry2.o(.ARM.Collect$$rtentry$$0000000D)
    __rt_entry_postli_1                      0x08000227   Thumb Code     0  __rtentry2.o(.ARM.Collect$$rtentry$$0000000C)
    __rt_exit                                0x0800022f   Thumb Code     0  rtexit.o(.ARM.Collect$$rtexit$$00000000)
    __rt_exit_ls                             0x08000231   Thumb Code     0  rtexit2.o(.ARM.Collect$$rtexit$$00000003)
    __rt_exit_prels_1                        0x08000231   Thumb Code     0  rtexit2.o(.ARM.Collect$$rtexit$$00000002)
    __rt_exit_exit                           0x08000235   Thumb Code     0  rtexit2.o(.ARM.Collect$$rtexit$$00000004)
    Reset_Handler                            0x0800023d   Thumb Code     8  startup_stm32f103xb.o(.text)
    _maybe_terminate_alloc                   0x0800023d   Thumb Code     0  maybetermalloc1.o(.emb_text)
    ADC1_2_IRQHandler                        0x08000257   Thumb Code     0  startup_stm32f103xb.o(.text)
    CAN1_RX1_IRQHandler                      0x08000257   Thumb Code     0  startup_stm32f103xb.o(.text)
    CAN1_SCE_IRQHandler                      0x08000257   Thumb Code     0  startup_stm32f103xb.o(.text)
    DMA1_Channel1_IRQHandler                 0x08000257   Thumb Code     0  startup_stm32f103xb.o(.text)
    DMA1_Channel2_IRQHandler                 0x08000257   Thumb Code     0  startup_stm32f103xb.o(.text)
    DMA1_Channel3_IRQHandler                 0x08000257   Thumb Code     0  startup_stm32f103xb.o(.text)
    DMA1_Channel4_IRQHandler                 0x08000257   Thumb Code     0  startup_stm32f103xb.o(.text)
    DMA1_Channel5_IRQHandler                 0x08000257   Thumb Code     0  startup_stm32f103xb.o(.text)
    DMA1_Channel6_IRQHandler                 0x08000257   Thumb Code     0  startup_stm32f103xb.o(.text)
    DMA1_Channel7_IRQHandler                 0x08000257   Thumb Code     0  startup_stm32f103xb.o(.text)
    EXTI0_IRQHandler                         0x08000257   Thumb Code     0  startup_stm32f103xb.o(.text)
    EXTI15_10_IRQHandler                     0x08000257   Thumb Code     0  startup_stm32f103xb.o(.text)
    EXTI1_IRQHandler                         0x08000257   Thumb Code     0  startup_stm32f103xb.o(.text)
    EXTI2_IRQHandler                         0x08000257   Thumb Code     0  startup_stm32f103xb.o(.text)
    EXTI3_IRQHandler                         0x08000257   Thumb Code     0  startup_stm32f103xb.o(.text)
    EXTI4_IRQHandler                         0x08000257   Thumb Code     0  startup_stm32f103xb.o(.text)
    EXTI9_5_IRQHandler                       0x08000257   Thumb Code     0  startup_stm32f103xb.o(.text)
    FLASH_IRQHandler                         0x08000257   Thumb Code     0  startup_stm32f103xb.o(.text)
    I2C2_ER_IRQHandler                       0x08000257   Thumb Code     0  startup_stm32f103xb.o(.text)
    I2C2_EV_IRQHandler                       0x08000257   Thumb Code     0  startup_stm32f103xb.o(.text)
    PVD_IRQHandler                           0x08000257   Thumb Code     0  startup_stm32f103xb.o(.text)
    RCC_IRQHandler                           0x08000257   Thumb Code     0  startup_stm32f103xb.o(.text)
    RTC_Alarm_IRQHandler                     0x08000257   Thumb Code     0  startup_stm32f103xb.o(.text)
    RTC_IRQHandler                           0x08000257   Thumb Code     0  startup_stm32f103xb.o(.text)
    SPI1_IRQHandler                          0x08000257   Thumb Code     0  startup_stm32f103xb.o(.text)
    SPI2_IRQHandler                          0x08000257   Thumb Code     0  startup_stm32f103xb.o(.text)
    TAMPER_IRQHandler                        0x08000257   Thumb Code     0  startup_stm32f103xb.o(.text)
    TIM1_BRK_IRQHandler                      0x08000257   Thumb Code     0  startup_stm32f103xb.o(.text)
    TIM1_CC_IRQHandler                       0x08000257   Thumb Code     0  startup_stm32f103xb.o(.text)
    TIM1_TRG_COM_IRQHandler                  0x08000257   Thumb Code     0  startup_stm32f103xb.o(.text)
    TIM1_UP_IRQHandler                       0x08000257   Thumb Code     0  startup_stm32f103xb.o(.text)
    TIM2_IRQHandler                          0x08000257   Thumb Code     0  startup_stm32f103xb.o(.text)
    TIM3_IRQHandler                          0x08000257   Thumb Code     0  startup_stm32f103xb.o(.text)
    TIM4_IRQHandler                          0x08000257   Thumb Code     0  startup_stm32f103xb.o(.text)
    USART1_IRQHandler                        0x08000257   Thumb Code     0  startup_stm32f103xb.o(.text)
    USART2_IRQHandler                        0x08000257   Thumb Code     0  startup_stm32f103xb.o(.text)
    USART3_IRQHandler                        0x08000257   Thumb Code     0  startup_stm32f103xb.o(.text)
    USBWakeUp_IRQHandler                     0x08000257   Thumb Code     0  startup_stm32f103xb.o(.text)
    USB_HP_CAN1_TX_IRQHandler                0x08000257   Thumb Code     0  startup_stm32f103xb.o(.text)
    USB_LP_CAN1_RX0_IRQHandler               0x08000257   Thumb Code     0  startup_stm32f103xb.o(.text)
    WWDG_IRQHandler                          0x08000257   Thumb Code     0  startup_stm32f103xb.o(.text)
    __user_initial_stackheap                 0x08000259   Thumb Code     0  startup_stm32f103xb.o(.text)
    malloc                                   0x0800027d   Thumb Code    94  h1_alloc.o(.text)
    free                                     0x080002db   Thumb Code    78  h1_free.o(.text)
    vsprintf                                 0x08000329   Thumb Code    32  vsprintf.o(.text)
    __aeabi_memcpy                           0x0800034d   Thumb Code     0  rt_memcpy_v6.o(.text)
    __rt_memcpy                              0x0800034d   Thumb Code   138  rt_memcpy_v6.o(.text)
    _memcpy_lastbytes                        0x080003b3   Thumb Code     0  rt_memcpy_v6.o(.text)
    __aeabi_memclr4                          0x080003d7   Thumb Code     0  rt_memclr_w.o(.text)
    __aeabi_memclr8                          0x080003d7   Thumb Code     0  rt_memclr_w.o(.text)
    __rt_memclr_w                            0x080003d7   Thumb Code    78  rt_memclr_w.o(.text)
    _memset_w                                0x080003db   Thumb Code     0  rt_memclr_w.o(.text)
    strcmp                                   0x08000425   Thumb Code   128  strcmpv7m.o(.text)
    __use_two_region_memory                  0x080004a5   Thumb Code     2  heapauxi.o(.text)
    __rt_heap_escrow                         0x080004a7   Thumb Code     2  heapauxi.o(.text)
    __rt_heap_expand                         0x080004a9   Thumb Code     2  heapauxi.o(.text)
    __rt_heap_descriptor                     0x080004ad   Thumb Code     8  rt_heap_descriptor_intlibspace.o(.text)
    __use_no_heap                            0x080004b5   Thumb Code     2  hguard.o(.text)
    __heap$guard                             0x080004b7   Thumb Code     2  hguard.o(.text)
    _terminate_user_alloc                    0x080004b9   Thumb Code     2  init_alloc.o(.text)
    _init_user_alloc                         0x080004bb   Thumb Code     2  init_alloc.o(.text)
    __Heap_Full                              0x080004bd   Thumb Code    34  init_alloc.o(.text)
    __Heap_Broken                            0x080004df   Thumb Code     6  init_alloc.o(.text)
    _init_alloc                              0x080004e5   Thumb Code    94  init_alloc.o(.text)
    __Heap_Initialize                        0x08000543   Thumb Code    10  h1_init.o(.text)
    __Heap_DescSize                          0x0800054d   Thumb Code     4  h1_init.o(.text)
    _printf_pre_padding                      0x08000551   Thumb Code    44  _printf_pad.o(.text)
    _printf_post_padding                     0x0800057d   Thumb Code    34  _printf_pad.o(.text)
    _printf_truncate_signed                  0x0800059f   Thumb Code    18  _printf_truncate.o(.text)
    _printf_truncate_unsigned                0x080005b1   Thumb Code    18  _printf_truncate.o(.text)
    _printf_str                              0x080005c3   Thumb Code    82  _printf_str.o(.text)
    _printf_int_dec                          0x08000615   Thumb Code   104  _printf_dec.o(.text)
    _printf_charcount                        0x0800068d   Thumb Code    40  _printf_charcount.o(.text)
    _printf_char_common                      0x080006bf   Thumb Code    32  _printf_char_common.o(.text)
    _sputc                                   0x080006e5   Thumb Code    10  _sputc.o(.text)
    _printf_wctomb                           0x080006f1   Thumb Code   182  _printf_wctomb.o(.text)
    _printf_longlong_dec                     0x080007ad   Thumb Code   108  _printf_longlong_dec.o(.text)
    _printf_longlong_oct                     0x08000829   Thumb Code    66  _printf_oct_int_ll.o(.text)
    _printf_int_oct                          0x0800086b   Thumb Code    24  _printf_oct_int_ll.o(.text)
    _printf_ll_oct                           0x08000883   Thumb Code    12  _printf_oct_int_ll.o(.text)
    _printf_longlong_hex                     0x08000899   Thumb Code    86  _printf_hex_int_ll_ptr.o(.text)
    _printf_int_hex                          0x080008ef   Thumb Code    28  _printf_hex_int_ll_ptr.o(.text)
    _printf_ll_hex                           0x0800090b   Thumb Code    12  _printf_hex_int_ll_ptr.o(.text)
    _printf_hex_ptr                          0x08000917   Thumb Code    18  _printf_hex_int_ll_ptr.o(.text)
    __printf                                 0x0800092d   Thumb Code   388  __printf_flags_ss_wp.o(.text)
    __aeabi_memcpy4                          0x08000ab5   Thumb Code     0  rt_memcpy_w.o(.text)
    __aeabi_memcpy8                          0x08000ab5   Thumb Code     0  rt_memcpy_w.o(.text)
    __rt_memcpy_w                            0x08000ab5   Thumb Code   100  rt_memcpy_w.o(.text)
    _memcpy_lastbytes_aligned                0x08000afd   Thumb Code     0  rt_memcpy_w.o(.text)
    __user_libspace                          0x08000b19   Thumb Code     8  libspace.o(.text)
    __user_perproc_libspace                  0x08000b19   Thumb Code     0  libspace.o(.text)
    __user_perthread_libspace                0x08000b19   Thumb Code     0  libspace.o(.text)
    __Heap_ProvideMemory                     0x08000b21   Thumb Code    52  h1_extend.o(.text)
    _ll_udiv10                               0x08000b55   Thumb Code   138  lludiv10.o(.text)
    _printf_int_common                       0x08000bdf   Thumb Code   178  _printf_intcommon.o(.text)
    __lib_sel_fp_printf                      0x08000c91   Thumb Code     2  _printf_fp_dec.o(.text)
    _printf_fp_dec_real                      0x08000e43   Thumb Code   620  _printf_fp_dec.o(.text)
    _printf_fp_hex_real                      0x080010b1   Thumb Code   756  _printf_fp_hex.o(.text)
    _printf_cs_common                        0x080013ad   Thumb Code    20  _printf_char.o(.text)
    _printf_char                             0x080013c1   Thumb Code    16  _printf_char.o(.text)
    _printf_string                           0x080013d1   Thumb Code     8  _printf_char.o(.text)
    _printf_lcs_common                       0x080013d9   Thumb Code    20  _printf_wchar.o(.text)
    _printf_wchar                            0x080013ed   Thumb Code    16  _printf_wchar.o(.text)
    _printf_wstring                          0x080013fd   Thumb Code     8  _printf_wchar.o(.text)
    _wcrtomb                                 0x08001405   Thumb Code    64  _wcrtomb.o(.text)
    __rt_SIGRTMEM                            0x08001445   Thumb Code    14  defsig_rtmem_outer.o(.text)
    __I$use$semihosting                      0x08001453   Thumb Code     0  use_no_semi.o(.text)
    __use_no_semihosting_swi                 0x08001453   Thumb Code     2  use_no_semi.o(.text)
    __semihosting_library_function           0x08001455   Thumb Code     0  indicate_semi.o(.text)
    __user_setup_stackheap                   0x08001455   Thumb Code    74  sys_stackheap_outer.o(.text)
    __rt_ctype_table                         0x080014a1   Thumb Code    16  rt_ctype_table.o(.text)
    __rt_locale                              0x080014b1   Thumb Code     8  rt_locale_intlibspace.o(.text)
    _printf_fp_infnan                        0x080014b9   Thumb Code   112  _printf_fp_infnan.o(.text)
    _btod_etento                             0x08001539   Thumb Code   224  bigflt0.o(.text)
    exit                                     0x0800161d   Thumb Code    18  exit.o(.text)
    __sig_exit                               0x0800162f   Thumb Code    10  defsig_exit.o(.text)
    __rt_SIGRTMEM_inner                      0x08001639   Thumb Code    22  defsig_rtmem_inner.o(.text)
    _sys_exit                                0x08001689   Thumb Code     8  sys_exit.o(.text)
    __default_signal_display                 0x08001695   Thumb Code    50  defsig_general.o(.text)
    _ttywrch                                 0x080016c7   Thumb Code    14  sys_wrch.o(.text)
    _btod_d2e                                0x080016d5   Thumb Code    62  btod.o(CL$$btod_d2e)
    _d2e_denorm_low                          0x08001713   Thumb Code    70  btod.o(CL$$btod_d2e_denorm_low)
    _d2e_norm_op1                            0x08001759   Thumb Code    96  btod.o(CL$$btod_d2e_norm_op1)
    __btod_div_common                        0x080017b9   Thumb Code   696  btod.o(CL$$btod_div_common)
    _e2e                                     0x08001af1   Thumb Code   220  btod.o(CL$$btod_e2e)
    _btod_ediv                               0x08001bcd   Thumb Code    42  btod.o(CL$$btod_ediv)
    _btod_emul                               0x08001bf7   Thumb Code    42  btod.o(CL$$btod_emul)
    __btod_mult_common                       0x08001c21   Thumb Code   580  btod.o(CL$$btod_mult_common)
    BusFault_Handler                         0x08001e65   Thumb Code     2  stm32f1xx_it.o(i.BusFault_Handler)
    DebugMon_Handler                         0x08001e67   Thumb Code     2  stm32f1xx_it.o(i.DebugMon_Handler)
    Error_Handler                            0x08001e69   Thumb Code     4  main.o(i.Error_Handler)
    HAL_DMA_Abort_IT                         0x08001e6d   Thumb Code   148  stm32f1xx_hal_dma.o(i.HAL_DMA_Abort_IT)
    HAL_DMA_GetState                         0x08001f05   Thumb Code     6  stm32f1xx_hal_dma.o(i.HAL_DMA_GetState)
    HAL_GPIO_Init                            0x08001f0d   Thumb Code   446  stm32f1xx_hal_gpio.o(i.HAL_GPIO_Init)
    HAL_GetTick                              0x080020ed   Thumb Code     6  stm32f1xx_hal.o(i.HAL_GetTick)
    HAL_I2C_AbortCpltCallback                0x080020f9   Thumb Code     2  stm32f1xx_hal_i2c.o(i.HAL_I2C_AbortCpltCallback)
    HAL_I2C_AddrCallback                     0x080020fb   Thumb Code     2  stm32f1xx_hal_i2c.o(i.HAL_I2C_AddrCallback)
    HAL_I2C_ER_IRQHandler                    0x080020fd   Thumb Code   196  stm32f1xx_hal_i2c.o(i.HAL_I2C_ER_IRQHandler)
    HAL_I2C_EV_IRQHandler                    0x080021c1   Thumb Code   560  stm32f1xx_hal_i2c.o(i.HAL_I2C_EV_IRQHandler)
    HAL_I2C_ErrorCallback                    0x080023f1   Thumb Code     2  stm32f1xx_hal_i2c.o(i.HAL_I2C_ErrorCallback)
    HAL_I2C_Init                             0x080023f5   Thumb Code   376  stm32f1xx_hal_i2c.o(i.HAL_I2C_Init)
    HAL_I2C_ListenCpltCallback               0x0800257d   Thumb Code     2  stm32f1xx_hal_i2c.o(i.HAL_I2C_ListenCpltCallback)
    HAL_I2C_MasterRxCpltCallback             0x0800257f   Thumb Code     2  stm32f1xx_hal_i2c.o(i.HAL_I2C_MasterRxCpltCallback)
    HAL_I2C_MasterTxCpltCallback             0x08002581   Thumb Code     2  stm32f1xx_hal_i2c.o(i.HAL_I2C_MasterTxCpltCallback)
    HAL_I2C_Master_Transmit                  0x08002585   Thumb Code   290  stm32f1xx_hal_i2c.o(i.HAL_I2C_Master_Transmit)
    HAL_I2C_MemRxCpltCallback                0x080026b1   Thumb Code     2  stm32f1xx_hal_i2c.o(i.HAL_I2C_MemRxCpltCallback)
    HAL_I2C_MemTxCpltCallback                0x080026b3   Thumb Code     2  stm32f1xx_hal_i2c.o(i.HAL_I2C_MemTxCpltCallback)
    HAL_I2C_MspInit                          0x080026b5   Thumb Code   128  i2c.o(i.HAL_I2C_MspInit)
    HAL_I2C_SlaveRxCpltCallback              0x08002745   Thumb Code     2  stm32f1xx_hal_i2c.o(i.HAL_I2C_SlaveRxCpltCallback)
    HAL_I2C_SlaveTxCpltCallback              0x08002747   Thumb Code     2  stm32f1xx_hal_i2c.o(i.HAL_I2C_SlaveTxCpltCallback)
    HAL_IncTick                              0x08002749   Thumb Code    12  stm32f1xx_hal.o(i.HAL_IncTick)
    HAL_Init                                 0x08002759   Thumb Code    32  stm32f1xx_hal.o(i.HAL_Init)
    HAL_InitTick                             0x0800277d   Thumb Code    54  stm32f1xx_hal.o(i.HAL_InitTick)
    HAL_MspInit                              0x080027bd   Thumb Code    52  stm32f1xx_hal_msp.o(i.HAL_MspInit)
    HAL_NVIC_EnableIRQ                       0x080027f9   Thumb Code    26  stm32f1xx_hal_cortex.o(i.HAL_NVIC_EnableIRQ)
    HAL_NVIC_SetPriority                     0x08002815   Thumb Code    60  stm32f1xx_hal_cortex.o(i.HAL_NVIC_SetPriority)
    HAL_NVIC_SetPriorityGrouping             0x08002855   Thumb Code    26  stm32f1xx_hal_cortex.o(i.HAL_NVIC_SetPriorityGrouping)
    HAL_RCC_ClockConfig                      0x08002879   Thumb Code   280  stm32f1xx_hal_rcc.o(i.HAL_RCC_ClockConfig)
    HAL_RCC_GetPCLK1Freq                     0x080029a5   Thumb Code    20  stm32f1xx_hal_rcc.o(i.HAL_RCC_GetPCLK1Freq)
    HAL_RCC_GetSysClockFreq                  0x080029c5   Thumb Code    58  stm32f1xx_hal_rcc.o(i.HAL_RCC_GetSysClockFreq)
    HAL_RCC_OscConfig                        0x08002a11   Thumb Code   778  stm32f1xx_hal_rcc.o(i.HAL_RCC_OscConfig)
    HAL_SYSTICK_Config                       0x08002d31   Thumb Code    40  stm32f1xx_hal_cortex.o(i.HAL_SYSTICK_Config)
    HardFault_Handler                        0x08002d59   Thumb Code     2  stm32f1xx_it.o(i.HardFault_Handler)
    I2C1_ER_IRQHandler                       0x08002d5d   Thumb Code     6  stm32f1xx_it.o(i.I2C1_ER_IRQHandler)
    I2C1_EV_IRQHandler                       0x08002d69   Thumb Code     6  stm32f1xx_it.o(i.I2C1_EV_IRQHandler)
    MX_GPIO_Init                             0x08003a29   Thumb Code    78  gpio.o(i.MX_GPIO_Init)
    MX_I2C1_Init                             0x08003a81   Thumb Code    50  i2c.o(i.MX_I2C1_Init)
    MemManage_Handler                        0x08003ac1   Thumb Code     2  stm32f1xx_it.o(i.MemManage_Handler)
    NMI_Handler                              0x08003ac3   Thumb Code     2  stm32f1xx_it.o(i.NMI_Handler)
    OLED_Clear                               0x08003ac5   Thumb Code    34  oled.o(i.OLED_Clear)
    OLED_ClearArea                           0x08003aed   Thumb Code    86  oled.o(i.OLED_ClearArea)
    OLED_Init                                0x08003b49   Thumb Code   152  oled.o(i.OLED_Init)
    OLED_Printf                              0x08003be1   Thumb Code    42  oled.o(i.OLED_Printf)
    OLED_SetCursor                           0x08003c0b   Thumb Code    34  oled.o(i.OLED_SetCursor)
    OLED_ShowChar                            0x08003c2d   Thumb Code    52  oled.o(i.OLED_ShowChar)
    OLED_ShowImage                           0x08003c69   Thumb Code   182  oled.o(i.OLED_ShowImage)
    OLED_ShowString                          0x08003d25   Thumb Code   210  oled.o(i.OLED_ShowString)
    OLED_Update                              0x08003e01   Thumb Code    34  oled.o(i.OLED_Update)
    OLED_WriteCommand                        0x08003e29   Thumb Code    28  oled.o(i.OLED_WriteCommand)
    OLED_WriteData                           0x08003e49   Thumb Code    56  oled.o(i.OLED_WriteData)
    PendSV_Handler                           0x08003e85   Thumb Code     2  stm32f1xx_it.o(i.PendSV_Handler)
    SVC_Handler                              0x08003e87   Thumb Code     2  stm32f1xx_it.o(i.SVC_Handler)
    SysTick_Handler                          0x08003e89   Thumb Code     4  stm32f1xx_it.o(i.SysTick_Handler)
    SystemClock_Config                       0x08003e8d   Thumb Code    94  main.o(i.SystemClock_Config)
    SystemInit                               0x08003eeb   Thumb Code     2  system_stm32f1xx.o(i.SystemInit)
    UsageFault_Handler                       0x08003eed   Thumb Code     2  stm32f1xx_it.o(i.UsageFault_Handler)
    __ARM_fpclassify                         0x08003eef   Thumb Code    40  fpclassify.o(i.__ARM_fpclassify)
    _is_digit                                0x08003f37   Thumb Code    14  __printf_wp.o(i._is_digit)
    main                                     0x08003f45   Thumb Code    38  main.o(i.main)
    _get_lc_numeric                          0x08003f75   Thumb Code    44  lc_numeric_c.o(locale$$code)
    _get_lc_ctype                            0x08003fa1   Thumb Code    44  lc_ctype_c.o(locale$$code)
    _printf_fp_dec                           0x08003fcd   Thumb Code     4  printf1.o(x$fpl$printf1)
    _printf_fp_hex                           0x08003fd1   Thumb Code     4  printf2.o(x$fpl$printf2)
    __I$use$fp                               0x08003fd4   Number         0  usenofp.o(x$fpl$usenofp)
    AHBPrescTable                            0x08003fe6   Data          16  system_stm32f1xx.o(.constdata)
    APBPrescTable                            0x08003ff6   Data           8  system_stm32f1xx.o(.constdata)
    OLED_F8x16                               0x08003ffe   Data        1520  oled_data.o(.constdata)
    OLED_F6x8                                0x080045ee   Data         570  oled_data.o(.constdata)
    OLED_CF16x16                             0x08004828   Data         245  oled_data.o(.constdata)
    Region$$Table$$Base                      0x08004a1c   Number         0  anon$$obj.o(Region$$Table)
    Region$$Table$$Limit                     0x08004a3c   Number         0  anon$$obj.o(Region$$Table)
    __ctype                                  0x08004a65   Data           0  lc_ctype_c.o(locale$$data)
    uwTickFreq                               0x20000000   Data           1  stm32f1xx_hal.o(.data)
    uwTickPrio                               0x20000004   Data           4  stm32f1xx_hal.o(.data)
    uwTick                                   0x20000008   Data           4  stm32f1xx_hal.o(.data)
    SystemCoreClock                          0x2000000c   Data           4  system_stm32f1xx.o(.data)
    hi2c1                                    0x20000010   Data          84  i2c.o(.bss)
    OLED_DisplayBuf                          0x20000064   Data        1024  oled.o(.bss)
    __libspace_start                         0x20000464   Data          96  libspace.o(.bss)
    __temporary_stack_top$libspace           0x200004c4   Data           0  libspace.o(.bss)



==============================================================================

Memory Map of the image

  Image Entry point : 0x080000ed

  Load Region LR_IROM1 (Base: 0x08000000, Size: 0x00004b78, Max: 0x00010000, ABSOLUTE)

    Execution Region ER_IROM1 (Exec base: 0x08000000, Load base: 0x08000000, Size: 0x00004b68, Max: 0x00010000, ABSOLUTE)

    Exec Addr    Load Addr    Size         Type   Attr      Idx    E Section Name        Object

    0x08000000   0x08000000   0x000000ec   Data   RO            3    RESET               startup_stm32f103xb.o
    0x080000ec   0x080000ec   0x00000008   Code   RO         2127  * !!!main             c_w.l(__main.o)
    0x080000f4   0x080000f4   0x00000034   Code   RO         2600    !!!scatter          c_w.l(__scatter.o)
    0x08000128   0x08000128   0x0000001a   Code   RO         2602    !!handler_copy      c_w.l(__scatter_copy.o)
    0x08000142   0x08000142   0x00000002   PAD
    0x08000144   0x08000144   0x0000001c   Code   RO         2604    !!handler_zi        c_w.l(__scatter_zi.o)
    0x08000160   0x08000160   0x00000000   Code   RO         2294    .ARM.Collect$$_printf_percent$$00000000  c_w.l(_printf_percent.o)
    0x08000160   0x08000160   0x00000006   Code   RO         2283    .ARM.Collect$$_printf_percent$$00000001  c_w.l(_printf_n.o)
    0x08000166   0x08000166   0x00000006   Code   RO         2285    .ARM.Collect$$_printf_percent$$00000002  c_w.l(_printf_p.o)
    0x0800016c   0x0800016c   0x00000006   Code   RO         2290    .ARM.Collect$$_printf_percent$$00000003  c_w.l(_printf_f.o)
    0x08000172   0x08000172   0x00000006   Code   RO         2291    .ARM.Collect$$_printf_percent$$00000004  c_w.l(_printf_e.o)
    0x08000178   0x08000178   0x00000006   Code   RO         2292    .ARM.Collect$$_printf_percent$$00000005  c_w.l(_printf_g.o)
    0x0800017e   0x0800017e   0x00000006   Code   RO         2293    .ARM.Collect$$_printf_percent$$00000006  c_w.l(_printf_a.o)
    0x08000184   0x08000184   0x0000000a   Code   RO         2298    .ARM.Collect$$_printf_percent$$00000007  c_w.l(_printf_ll.o)
    0x0800018e   0x0800018e   0x00000006   Code   RO         2287    .ARM.Collect$$_printf_percent$$00000008  c_w.l(_printf_i.o)
    0x08000194   0x08000194   0x00000006   Code   RO         2288    .ARM.Collect$$_printf_percent$$00000009  c_w.l(_printf_d.o)
    0x0800019a   0x0800019a   0x00000006   Code   RO         2289    .ARM.Collect$$_printf_percent$$0000000A  c_w.l(_printf_u.o)
    0x080001a0   0x080001a0   0x00000006   Code   RO         2286    .ARM.Collect$$_printf_percent$$0000000B  c_w.l(_printf_o.o)
    0x080001a6   0x080001a6   0x00000006   Code   RO         2284    .ARM.Collect$$_printf_percent$$0000000C  c_w.l(_printf_x.o)
    0x080001ac   0x080001ac   0x00000006   Code   RO         2295    .ARM.Collect$$_printf_percent$$0000000D  c_w.l(_printf_lli.o)
    0x080001b2   0x080001b2   0x00000006   Code   RO         2296    .ARM.Collect$$_printf_percent$$0000000E  c_w.l(_printf_lld.o)
    0x080001b8   0x080001b8   0x00000006   Code   RO         2297    .ARM.Collect$$_printf_percent$$0000000F  c_w.l(_printf_llu.o)
    0x080001be   0x080001be   0x00000006   Code   RO         2302    .ARM.Collect$$_printf_percent$$00000010  c_w.l(_printf_llo.o)
    0x080001c4   0x080001c4   0x00000006   Code   RO         2303    .ARM.Collect$$_printf_percent$$00000011  c_w.l(_printf_llx.o)
    0x080001ca   0x080001ca   0x0000000a   Code   RO         2299    .ARM.Collect$$_printf_percent$$00000012  c_w.l(_printf_l.o)
    0x080001d4   0x080001d4   0x00000006   Code   RO         2281    .ARM.Collect$$_printf_percent$$00000013  c_w.l(_printf_c.o)
    0x080001da   0x080001da   0x00000006   Code   RO         2282    .ARM.Collect$$_printf_percent$$00000014  c_w.l(_printf_s.o)
    0x080001e0   0x080001e0   0x00000006   Code   RO         2300    .ARM.Collect$$_printf_percent$$00000015  c_w.l(_printf_lc.o)
    0x080001e6   0x080001e6   0x00000006   Code   RO         2301    .ARM.Collect$$_printf_percent$$00000016  c_w.l(_printf_ls.o)
    0x080001ec   0x080001ec   0x00000004   Code   RO         2447    .ARM.Collect$$_printf_percent$$00000017  c_w.l(_printf_percent_end.o)
    0x080001f0   0x080001f0   0x00000002   Code   RO         2528    .ARM.Collect$$libinit$$00000000  c_w.l(libinit.o)
    0x080001f2   0x080001f2   0x00000000   Code   RO         2309    .ARM.Collect$$libinit$$00000002  c_w.l(libinit2.o)
    0x080001f2   0x080001f2   0x00000000   Code   RO         2311    .ARM.Collect$$libinit$$00000004  c_w.l(libinit2.o)
    0x080001f2   0x080001f2   0x00000008   Code   RO         2312    .ARM.Collect$$libinit$$00000005  c_w.l(libinit2.o)
    0x080001fa   0x080001fa   0x00000000   Code   RO         2314    .ARM.Collect$$libinit$$0000000A  c_w.l(libinit2.o)
    0x080001fa   0x080001fa   0x00000000   Code   RO         2316    .ARM.Collect$$libinit$$0000000C  c_w.l(libinit2.o)
    0x080001fa   0x080001fa   0x00000000   Code   RO         2318    .ARM.Collect$$libinit$$0000000E  c_w.l(libinit2.o)
    0x080001fa   0x080001fa   0x00000006   Code   RO         2319    .ARM.Collect$$libinit$$0000000F  c_w.l(libinit2.o)
    0x08000200   0x08000200   0x00000000   Code   RO         2321    .ARM.Collect$$libinit$$00000011  c_w.l(libinit2.o)
    0x08000200   0x08000200   0x0000000c   Code   RO         2322    .ARM.Collect$$libinit$$00000012  c_w.l(libinit2.o)
    0x0800020c   0x0800020c   0x00000000   Code   RO         2323    .ARM.Collect$$libinit$$00000013  c_w.l(libinit2.o)
    0x0800020c   0x0800020c   0x00000000   Code   RO         2325    .ARM.Collect$$libinit$$00000015  c_w.l(libinit2.o)
    0x0800020c   0x0800020c   0x0000000a   Code   RO         2326    .ARM.Collect$$libinit$$00000016  c_w.l(libinit2.o)
    0x08000216   0x08000216   0x00000000   Code   RO         2327    .ARM.Collect$$libinit$$00000017  c_w.l(libinit2.o)
    0x08000216   0x08000216   0x00000000   Code   RO         2329    .ARM.Collect$$libinit$$00000019  c_w.l(libinit2.o)
    0x08000216   0x08000216   0x00000000   Code   RO         2331    .ARM.Collect$$libinit$$0000001B  c_w.l(libinit2.o)
    0x08000216   0x08000216   0x00000000   Code   RO         2333    .ARM.Collect$$libinit$$0000001D  c_w.l(libinit2.o)
    0x08000216   0x08000216   0x00000000   Code   RO         2335    .ARM.Collect$$libinit$$0000001F  c_w.l(libinit2.o)
    0x08000216   0x08000216   0x00000000   Code   RO         2337    .ARM.Collect$$libinit$$00000021  c_w.l(libinit2.o)
    0x08000216   0x08000216   0x00000000   Code   RO         2339    .ARM.Collect$$libinit$$00000023  c_w.l(libinit2.o)
    0x08000216   0x08000216   0x00000000   Code   RO         2341    .ARM.Collect$$libinit$$00000025  c_w.l(libinit2.o)
    0x08000216   0x08000216   0x00000000   Code   RO         2345    .ARM.Collect$$libinit$$0000002C  c_w.l(libinit2.o)
    0x08000216   0x08000216   0x00000000   Code   RO         2347    .ARM.Collect$$libinit$$0000002E  c_w.l(libinit2.o)
    0x08000216   0x08000216   0x00000000   Code   RO         2349    .ARM.Collect$$libinit$$00000030  c_w.l(libinit2.o)
    0x08000216   0x08000216   0x00000000   Code   RO         2351    .ARM.Collect$$libinit$$00000032  c_w.l(libinit2.o)
    0x08000216   0x08000216   0x00000002   Code   RO         2352    .ARM.Collect$$libinit$$00000033  c_w.l(libinit2.o)
    0x08000218   0x08000218   0x00000002   Code   RO         2597    .ARM.Collect$$libshutdown$$00000000  c_w.l(libshutdown.o)
    0x0800021a   0x0800021a   0x00000000   Code   RO         2549    .ARM.Collect$$libshutdown$$00000002  c_w.l(libshutdown2.o)
    0x0800021a   0x0800021a   0x00000000   Code   RO         2551    .ARM.Collect$$libshutdown$$00000004  c_w.l(libshutdown2.o)
    0x0800021a   0x0800021a   0x00000000   Code   RO         2554    .ARM.Collect$$libshutdown$$00000007  c_w.l(libshutdown2.o)
    0x0800021a   0x0800021a   0x00000000   Code   RO         2557    .ARM.Collect$$libshutdown$$0000000A  c_w.l(libshutdown2.o)
    0x0800021a   0x0800021a   0x00000000   Code   RO         2559    .ARM.Collect$$libshutdown$$0000000C  c_w.l(libshutdown2.o)
    0x0800021a   0x0800021a   0x00000000   Code   RO         2562    .ARM.Collect$$libshutdown$$0000000F  c_w.l(libshutdown2.o)
    0x0800021a   0x0800021a   0x00000002   Code   RO         2563    .ARM.Collect$$libshutdown$$00000010  c_w.l(libshutdown2.o)
    0x0800021c   0x0800021c   0x00000000   Code   RO         2185    .ARM.Collect$$rtentry$$00000000  c_w.l(__rtentry.o)
    0x0800021c   0x0800021c   0x00000000   Code   RO         2405    .ARM.Collect$$rtentry$$00000002  c_w.l(__rtentry2.o)
    0x0800021c   0x0800021c   0x00000006   Code   RO         2417    .ARM.Collect$$rtentry$$00000004  c_w.l(__rtentry4.o)
    0x08000222   0x08000222   0x00000000   Code   RO         2407    .ARM.Collect$$rtentry$$00000009  c_w.l(__rtentry2.o)
    0x08000222   0x08000222   0x00000004   Code   RO         2408    .ARM.Collect$$rtentry$$0000000A  c_w.l(__rtentry2.o)
    0x08000226   0x08000226   0x00000000   Code   RO         2410    .ARM.Collect$$rtentry$$0000000C  c_w.l(__rtentry2.o)
    0x08000226   0x08000226   0x00000008   Code   RO         2411    .ARM.Collect$$rtentry$$0000000D  c_w.l(__rtentry2.o)
    0x0800022e   0x0800022e   0x00000002   Code   RO         2535    .ARM.Collect$$rtexit$$00000000  c_w.l(rtexit.o)
    0x08000230   0x08000230   0x00000000   Code   RO         2569    .ARM.Collect$$rtexit$$00000002  c_w.l(rtexit2.o)
    0x08000230   0x08000230   0x00000004   Code   RO         2570    .ARM.Collect$$rtexit$$00000003  c_w.l(rtexit2.o)
    0x08000234   0x08000234   0x00000006   Code   RO         2571    .ARM.Collect$$rtexit$$00000004  c_w.l(rtexit2.o)
    0x0800023a   0x0800023a   0x00000002   PAD
    0x0800023c   0x0800023c   0x00000000   Code   RO         2426    .emb_text           c_w.l(maybetermalloc1.o)
    0x0800023c   0x0800023c   0x00000040   Code   RO            4    .text               startup_stm32f103xb.o
    0x0800027c   0x0800027c   0x0000005e   Code   RO         2057    .text               c_w.l(h1_alloc.o)
    0x080002da   0x080002da   0x0000004e   Code   RO         2059    .text               c_w.l(h1_free.o)
    0x08000328   0x08000328   0x00000024   Code   RO         2117    .text               c_w.l(vsprintf.o)
    0x0800034c   0x0800034c   0x0000008a   Code   RO         2119    .text               c_w.l(rt_memcpy_v6.o)
    0x080003d6   0x080003d6   0x0000004e   Code   RO         2121    .text               c_w.l(rt_memclr_w.o)
    0x08000424   0x08000424   0x00000080   Code   RO         2123    .text               c_w.l(strcmpv7m.o)
    0x080004a4   0x080004a4   0x00000006   Code   RO         2125    .text               c_w.l(heapauxi.o)
    0x080004aa   0x080004aa   0x00000002   PAD
    0x080004ac   0x080004ac   0x00000008   Code   RO         2189    .text               c_w.l(rt_heap_descriptor_intlibspace.o)
    0x080004b4   0x080004b4   0x00000004   Code   RO         2191    .text               c_w.l(hguard.o)
    0x080004b8   0x080004b8   0x0000008a   Code   RO         2193    .text               c_w.l(init_alloc.o)
    0x08000542   0x08000542   0x0000000e   Code   RO         2197    .text               c_w.l(h1_init.o)
    0x08000550   0x08000550   0x0000004e   Code   RO         2215    .text               c_w.l(_printf_pad.o)
    0x0800059e   0x0800059e   0x00000024   Code   RO         2217    .text               c_w.l(_printf_truncate.o)
    0x080005c2   0x080005c2   0x00000052   Code   RO         2219    .text               c_w.l(_printf_str.o)
    0x08000614   0x08000614   0x00000078   Code   RO         2221    .text               c_w.l(_printf_dec.o)
    0x0800068c   0x0800068c   0x00000028   Code   RO         2223    .text               c_w.l(_printf_charcount.o)
    0x080006b4   0x080006b4   0x00000030   Code   RO         2225    .text               c_w.l(_printf_char_common.o)
    0x080006e4   0x080006e4   0x0000000a   Code   RO         2227    .text               c_w.l(_sputc.o)
    0x080006ee   0x080006ee   0x00000002   PAD
    0x080006f0   0x080006f0   0x000000bc   Code   RO         2229    .text               c_w.l(_printf_wctomb.o)
    0x080007ac   0x080007ac   0x0000007c   Code   RO         2232    .text               c_w.l(_printf_longlong_dec.o)
    0x08000828   0x08000828   0x00000070   Code   RO         2238    .text               c_w.l(_printf_oct_int_ll.o)
    0x08000898   0x08000898   0x00000094   Code   RO         2258    .text               c_w.l(_printf_hex_int_ll_ptr.o)
    0x0800092c   0x0800092c   0x00000188   Code   RO         2278    .text               c_w.l(__printf_flags_ss_wp.o)
    0x08000ab4   0x08000ab4   0x00000064   Code   RO         2304    .text               c_w.l(rt_memcpy_w.o)
    0x08000b18   0x08000b18   0x00000008   Code   RO         2401    .text               c_w.l(libspace.o)
    0x08000b20   0x08000b20   0x00000034   Code   RO         2428    .text               c_w.l(h1_extend.o)
    0x08000b54   0x08000b54   0x0000008a   Code   RO         2432    .text               c_w.l(lludiv10.o)
    0x08000bde   0x08000bde   0x000000b2   Code   RO         2434    .text               c_w.l(_printf_intcommon.o)
    0x08000c90   0x08000c90   0x0000041e   Code   RO         2436    .text               c_w.l(_printf_fp_dec.o)
    0x080010ae   0x080010ae   0x00000002   PAD
    0x080010b0   0x080010b0   0x000002fc   Code   RO         2438    .text               c_w.l(_printf_fp_hex.o)
    0x080013ac   0x080013ac   0x0000002c   Code   RO         2443    .text               c_w.l(_printf_char.o)
    0x080013d8   0x080013d8   0x0000002c   Code   RO         2445    .text               c_w.l(_printf_wchar.o)
    0x08001404   0x08001404   0x00000040   Code   RO         2448    .text               c_w.l(_wcrtomb.o)
    0x08001444   0x08001444   0x0000000e   Code   RO         2450    .text               c_w.l(defsig_rtmem_outer.o)
    0x08001452   0x08001452   0x00000002   Code   RO         2467    .text               c_w.l(use_no_semi.o)
    0x08001454   0x08001454   0x00000000   Code   RO         2469    .text               c_w.l(indicate_semi.o)
    0x08001454   0x08001454   0x0000004a   Code   RO         2470    .text               c_w.l(sys_stackheap_outer.o)
    0x0800149e   0x0800149e   0x00000002   PAD
    0x080014a0   0x080014a0   0x00000010   Code   RO         2472    .text               c_w.l(rt_ctype_table.o)
    0x080014b0   0x080014b0   0x00000008   Code   RO         2479    .text               c_w.l(rt_locale_intlibspace.o)
    0x080014b8   0x080014b8   0x00000080   Code   RO         2483    .text               c_w.l(_printf_fp_infnan.o)
    0x08001538   0x08001538   0x000000e4   Code   RO         2485    .text               c_w.l(bigflt0.o)
    0x0800161c   0x0800161c   0x00000012   Code   RO         2513    .text               c_w.l(exit.o)
    0x0800162e   0x0800162e   0x0000000a   Code   RO         2515    .text               c_w.l(defsig_exit.o)
    0x08001638   0x08001638   0x00000050   Code   RO         2517    .text               c_w.l(defsig_rtmem_inner.o)
    0x08001688   0x08001688   0x0000000c   Code   RO         2533    .text               c_w.l(sys_exit.o)
    0x08001694   0x08001694   0x00000032   Code   RO         2546    .text               c_w.l(defsig_general.o)
    0x080016c6   0x080016c6   0x0000000e   Code   RO         2566    .text               c_w.l(sys_wrch.o)
    0x080016d4   0x080016d4   0x0000003e   Code   RO         2488    CL$$btod_d2e        c_w.l(btod.o)
    0x08001712   0x08001712   0x00000046   Code   RO         2490    CL$$btod_d2e_denorm_low  c_w.l(btod.o)
    0x08001758   0x08001758   0x00000060   Code   RO         2489    CL$$btod_d2e_norm_op1  c_w.l(btod.o)
    0x080017b8   0x080017b8   0x00000338   Code   RO         2498    CL$$btod_div_common  c_w.l(btod.o)
    0x08001af0   0x08001af0   0x000000dc   Code   RO         2495    CL$$btod_e2e        c_w.l(btod.o)
    0x08001bcc   0x08001bcc   0x0000002a   Code   RO         2492    CL$$btod_ediv       c_w.l(btod.o)
    0x08001bf6   0x08001bf6   0x0000002a   Code   RO         2491    CL$$btod_emul       c_w.l(btod.o)
    0x08001c20   0x08001c20   0x00000244   Code   RO         2497    CL$$btod_mult_common  c_w.l(btod.o)
    0x08001e64   0x08001e64   0x00000002   Code   RO          214    i.BusFault_Handler  stm32f1xx_it.o
    0x08001e66   0x08001e66   0x00000002   Code   RO          215    i.DebugMon_Handler  stm32f1xx_it.o
    0x08001e68   0x08001e68   0x00000004   Code   RO           13    i.Error_Handler     main.o
    0x08001e6c   0x08001e6c   0x00000098   Code   RO         1181    i.HAL_DMA_Abort_IT  stm32f1xx_hal_dma.o
    0x08001f04   0x08001f04   0x00000006   Code   RO         1184    i.HAL_DMA_GetState  stm32f1xx_hal_dma.o
    0x08001f0a   0x08001f0a   0x00000002   PAD
    0x08001f0c   0x08001f0c   0x000001e0   Code   RO         1116    i.HAL_GPIO_Init     stm32f1xx_hal_gpio.o
    0x080020ec   0x080020ec   0x0000000c   Code   RO          810    i.HAL_GetTick       stm32f1xx_hal.o
    0x080020f8   0x080020f8   0x00000002   Code   RO          362    i.HAL_I2C_AbortCpltCallback  stm32f1xx_hal_i2c.o
    0x080020fa   0x080020fa   0x00000002   Code   RO          363    i.HAL_I2C_AddrCallback  stm32f1xx_hal_i2c.o
    0x080020fc   0x080020fc   0x000000c4   Code   RO          366    i.HAL_I2C_ER_IRQHandler  stm32f1xx_hal_i2c.o
    0x080021c0   0x080021c0   0x00000230   Code   RO          367    i.HAL_I2C_EV_IRQHandler  stm32f1xx_hal_i2c.o
    0x080023f0   0x080023f0   0x00000002   Code   RO          369    i.HAL_I2C_ErrorCallback  stm32f1xx_hal_i2c.o
    0x080023f2   0x080023f2   0x00000002   PAD
    0x080023f4   0x080023f4   0x00000188   Code   RO          373    i.HAL_I2C_Init      stm32f1xx_hal_i2c.o
    0x0800257c   0x0800257c   0x00000002   Code   RO          375    i.HAL_I2C_ListenCpltCallback  stm32f1xx_hal_i2c.o
    0x0800257e   0x0800257e   0x00000002   Code   RO          376    i.HAL_I2C_MasterRxCpltCallback  stm32f1xx_hal_i2c.o
    0x08002580   0x08002580   0x00000002   Code   RO          377    i.HAL_I2C_MasterTxCpltCallback  stm32f1xx_hal_i2c.o
    0x08002582   0x08002582   0x00000002   PAD
    0x08002584   0x08002584   0x0000012c   Code   RO          386    i.HAL_I2C_Master_Transmit  stm32f1xx_hal_i2c.o
    0x080026b0   0x080026b0   0x00000002   Code   RO          389    i.HAL_I2C_MemRxCpltCallback  stm32f1xx_hal_i2c.o
    0x080026b2   0x080026b2   0x00000002   Code   RO          390    i.HAL_I2C_MemTxCpltCallback  stm32f1xx_hal_i2c.o
    0x080026b4   0x080026b4   0x00000090   Code   RO          173    i.HAL_I2C_MspInit   i2c.o
    0x08002744   0x08002744   0x00000002   Code   RO          399    i.HAL_I2C_SlaveRxCpltCallback  stm32f1xx_hal_i2c.o
    0x08002746   0x08002746   0x00000002   Code   RO          400    i.HAL_I2C_SlaveTxCpltCallback  stm32f1xx_hal_i2c.o
    0x08002748   0x08002748   0x00000010   Code   RO          816    i.HAL_IncTick       stm32f1xx_hal.o
    0x08002758   0x08002758   0x00000024   Code   RO          817    i.HAL_Init          stm32f1xx_hal.o
    0x0800277c   0x0800277c   0x00000040   Code   RO          818    i.HAL_InitTick      stm32f1xx_hal.o
    0x080027bc   0x080027bc   0x0000003c   Code   RO          302    i.HAL_MspInit       stm32f1xx_hal_msp.o
    0x080027f8   0x080027f8   0x0000001a   Code   RO         1276    i.HAL_NVIC_EnableIRQ  stm32f1xx_hal_cortex.o
    0x08002812   0x08002812   0x00000002   PAD
    0x08002814   0x08002814   0x00000040   Code   RO         1282    i.HAL_NVIC_SetPriority  stm32f1xx_hal_cortex.o
    0x08002854   0x08002854   0x00000024   Code   RO         1283    i.HAL_NVIC_SetPriorityGrouping  stm32f1xx_hal_cortex.o
    0x08002878   0x08002878   0x0000012c   Code   RO          974    i.HAL_RCC_ClockConfig  stm32f1xx_hal_rcc.o
    0x080029a4   0x080029a4   0x00000020   Code   RO          981    i.HAL_RCC_GetPCLK1Freq  stm32f1xx_hal_rcc.o
    0x080029c4   0x080029c4   0x0000004c   Code   RO          983    i.HAL_RCC_GetSysClockFreq  stm32f1xx_hal_rcc.o
    0x08002a10   0x08002a10   0x00000320   Code   RO          986    i.HAL_RCC_OscConfig  stm32f1xx_hal_rcc.o
    0x08002d30   0x08002d30   0x00000028   Code   RO         1287    i.HAL_SYSTICK_Config  stm32f1xx_hal_cortex.o
    0x08002d58   0x08002d58   0x00000002   Code   RO          216    i.HardFault_Handler  stm32f1xx_it.o
    0x08002d5a   0x08002d5a   0x00000002   PAD
    0x08002d5c   0x08002d5c   0x0000000c   Code   RO          217    i.I2C1_ER_IRQHandler  stm32f1xx_it.o
    0x08002d68   0x08002d68   0x0000000c   Code   RO          218    i.I2C1_EV_IRQHandler  stm32f1xx_it.o
    0x08002d74   0x08002d74   0x000000bc   Code   RO          411    i.I2C_DMAAbort      stm32f1xx_hal_i2c.o
    0x08002e30   0x08002e30   0x00000010   Code   RO          414    i.I2C_Flush_DR      stm32f1xx_hal_i2c.o
    0x08002e40   0x08002e40   0x00000158   Code   RO          415    i.I2C_ITError       stm32f1xx_hal_i2c.o
    0x08002f98   0x08002f98   0x0000002e   Code   RO          416    i.I2C_IsAcknowledgeFailed  stm32f1xx_hal_i2c.o
    0x08002fc6   0x08002fc6   0x000000da   Code   RO          417    i.I2C_MasterReceive_BTF  stm32f1xx_hal_i2c.o
    0x080030a0   0x080030a0   0x000000f4   Code   RO          418    i.I2C_MasterReceive_RXNE  stm32f1xx_hal_i2c.o
    0x08003194   0x08003194   0x0000009c   Code   RO          420    i.I2C_MasterRequestWrite  stm32f1xx_hal_i2c.o
    0x08003230   0x08003230   0x00000082   Code   RO          421    i.I2C_MasterTransmit_BTF  stm32f1xx_hal_i2c.o
    0x080032b2   0x080032b2   0x00000002   PAD
    0x080032b4   0x080032b4   0x000000b6   Code   RO          422    i.I2C_MasterTransmit_TXE  stm32f1xx_hal_i2c.o
    0x0800336a   0x0800336a   0x00000002   PAD
    0x0800336c   0x0800336c   0x00000158   Code   RO          423    i.I2C_Master_ADDR   stm32f1xx_hal_i2c.o
    0x080034c4   0x080034c4   0x0000008c   Code   RO          424    i.I2C_Master_SB     stm32f1xx_hal_i2c.o
    0x08003550   0x08003550   0x000000a8   Code   RO          425    i.I2C_MemoryTransmit_TXE_BTF  stm32f1xx_hal_i2c.o
    0x080035f8   0x080035f8   0x00000046   Code   RO          428    i.I2C_Slave_ADDR    stm32f1xx_hal_i2c.o
    0x0800363e   0x0800363e   0x00000002   PAD
    0x08003640   0x08003640   0x00000090   Code   RO          429    i.I2C_Slave_AF      stm32f1xx_hal_i2c.o
    0x080036d0   0x080036d0   0x0000015c   Code   RO          430    i.I2C_Slave_STOPF   stm32f1xx_hal_i2c.o
    0x0800382c   0x0800382c   0x00000056   Code   RO          431    i.I2C_WaitOnBTFFlagUntilTimeout  stm32f1xx_hal_i2c.o
    0x08003882   0x08003882   0x00000002   PAD
    0x08003884   0x08003884   0x00000090   Code   RO          432    i.I2C_WaitOnFlagUntilTimeout  stm32f1xx_hal_i2c.o
    0x08003914   0x08003914   0x000000bc   Code   RO          433    i.I2C_WaitOnMasterAddressFlagUntilTimeout  stm32f1xx_hal_i2c.o
    0x080039d0   0x080039d0   0x00000056   Code   RO          435    i.I2C_WaitOnTXEFlagUntilTimeout  stm32f1xx_hal_i2c.o
    0x08003a26   0x08003a26   0x00000002   PAD
    0x08003a28   0x08003a28   0x00000058   Code   RO          148    i.MX_GPIO_Init      gpio.o
    0x08003a80   0x08003a80   0x00000040   Code   RO          174    i.MX_I2C1_Init      i2c.o
    0x08003ac0   0x08003ac0   0x00000002   Code   RO          219    i.MemManage_Handler  stm32f1xx_it.o
    0x08003ac2   0x08003ac2   0x00000002   Code   RO          220    i.NMI_Handler       stm32f1xx_it.o
    0x08003ac4   0x08003ac4   0x00000028   Code   RO         1814    i.OLED_Clear        oled.o
    0x08003aec   0x08003aec   0x0000005c   Code   RO         1815    i.OLED_ClearArea    oled.o
    0x08003b48   0x08003b48   0x00000098   Code   RO         1824    i.OLED_Init         oled.o
    0x08003be0   0x08003be0   0x0000002a   Code   RO         1827    i.OLED_Printf       oled.o
    0x08003c0a   0x08003c0a   0x00000022   Code   RO         1830    i.OLED_SetCursor    oled.o
    0x08003c2c   0x08003c2c   0x0000003c   Code   RO         1832    i.OLED_ShowChar     oled.o
    0x08003c68   0x08003c68   0x000000bc   Code   RO         1835    i.OLED_ShowImage    oled.o
    0x08003d24   0x08003d24   0x000000dc   Code   RO         1838    i.OLED_ShowString   oled.o
    0x08003e00   0x08003e00   0x00000028   Code   RO         1839    i.OLED_Update       oled.o
    0x08003e28   0x08003e28   0x00000020   Code   RO         1841    i.OLED_WriteCommand  oled.o
    0x08003e48   0x08003e48   0x0000003c   Code   RO         1842    i.OLED_WriteData    oled.o
    0x08003e84   0x08003e84   0x00000002   Code   RO          221    i.PendSV_Handler    stm32f1xx_it.o
    0x08003e86   0x08003e86   0x00000002   Code   RO          222    i.SVC_Handler       stm32f1xx_it.o
    0x08003e88   0x08003e88   0x00000004   Code   RO          223    i.SysTick_Handler   stm32f1xx_it.o
    0x08003e8c   0x08003e8c   0x0000005e   Code   RO           14    i.SystemClock_Config  main.o
    0x08003eea   0x08003eea   0x00000002   Code   RO         1777    i.SystemInit        system_stm32f1xx.o
    0x08003eec   0x08003eec   0x00000002   Code   RO          224    i.UsageFault_Handler  stm32f1xx_it.o
    0x08003eee   0x08003eee   0x00000028   Code   RO         2463    i.__ARM_fpclassify  m_ws.l(fpclassify.o)
    0x08003f16   0x08003f16   0x00000020   Code   RO         1289    i.__NVIC_SetPriority  stm32f1xx_hal_cortex.o
    0x08003f36   0x08003f36   0x0000000e   Code   RO         2271    i._is_digit         c_w.l(__printf_wp.o)
    0x08003f44   0x08003f44   0x00000030   Code   RO           15    i.main              main.o
    0x08003f74   0x08003f74   0x0000002c   Code   RO         2511    locale$$code        c_w.l(lc_numeric_c.o)
    0x08003fa0   0x08003fa0   0x0000002c   Code   RO         2542    locale$$code        c_w.l(lc_ctype_c.o)
    0x08003fcc   0x08003fcc   0x00000004   Code   RO         2365    x$fpl$printf1       fz_ws.l(printf1.o)
    0x08003fd0   0x08003fd0   0x00000004   Code   RO         2367    x$fpl$printf2       fz_ws.l(printf2.o)
    0x08003fd4   0x08003fd4   0x00000000   Code   RO         2373    x$fpl$usenofp       fz_ws.l(usenofp.o)
    0x08003fd4   0x08003fd4   0x00000012   Data   RO          987    .constdata          stm32f1xx_hal_rcc.o
    0x08003fe6   0x08003fe6   0x00000010   Data   RO         1778    .constdata          system_stm32f1xx.o
    0x08003ff6   0x08003ff6   0x00000008   Data   RO         1779    .constdata          system_stm32f1xx.o
    0x08003ffe   0x08003ffe   0x000005f0   Data   RO         2036    .constdata          oled_data.o
    0x080045ee   0x080045ee   0x0000023a   Data   RO         2037    .constdata          oled_data.o
    0x08004828   0x08004828   0x000000f5   Data   RO         2038    .constdata          oled_data.o
    0x0800491d   0x0800491d   0x00000003   PAD
    0x08004920   0x08004920   0x00000008   Data   RO         2230    .constdata          c_w.l(_printf_wctomb.o)
    0x08004928   0x08004928   0x00000028   Data   RO         2259    .constdata          c_w.l(_printf_hex_int_ll_ptr.o)
    0x08004950   0x08004950   0x00000011   Data   RO         2279    .constdata          c_w.l(__printf_flags_ss_wp.o)
    0x08004961   0x08004961   0x00000026   Data   RO         2439    .constdata          c_w.l(_printf_fp_hex.o)
    0x08004987   0x08004987   0x00000001   PAD
    0x08004988   0x08004988   0x00000094   Data   RO         2486    .constdata          c_w.l(bigflt0.o)
    0x08004a1c   0x08004a1c   0x00000020   Data   RO         2598    Region$$Table       anon$$obj.o
    0x08004a3c   0x08004a3c   0x0000001c   Data   RO         2510    locale$$data        c_w.l(lc_numeric_c.o)
    0x08004a58   0x08004a58   0x00000110   Data   RO         2541    locale$$data        c_w.l(lc_ctype_c.o)


    Execution Region RW_IRAM1 (Exec base: 0x20000000, Load base: 0x08004b68, Size: 0x00000ac8, Max: 0x00005000, ABSOLUTE)

    Exec Addr    Load Addr    Size         Type   Attr      Idx    E Section Name        Object

    0x20000000   0x08004b68   0x0000000c   Data   RW          824    .data               stm32f1xx_hal.o
    0x2000000c   0x08004b74   0x00000004   Data   RW         1780    .data               system_stm32f1xx.o
    0x20000010        -       0x00000054   Zero   RW          175    .bss                i2c.o
    0x20000064        -       0x00000400   Zero   RW         1844    .bss                oled.o
    0x20000464        -       0x00000060   Zero   RW         2402    .bss                c_w.l(libspace.o)
    0x200004c4   0x08004b78   0x00000004   PAD
    0x200004c8        -       0x00000200   Zero   RW            2    HEAP                startup_stm32f103xb.o
    0x200006c8        -       0x00000400   Zero   RW            1    STACK               startup_stm32f103xb.o


==============================================================================

Image component sizes


      Code (inc. data)   RO Data    RW Data    ZI Data      Debug   Object Name

        88         10          0          0          0        855   gpio.o
       208         30          0          0         84       1601   i2c.o
       146         10          0          0          0     394260   main.o
       960         50          0          0       1024       8280   oled.o
         0          0       2335          0          0       1046   oled_data.o
        64         26        236          0       1536        792   startup_stm32f103xb.o
       128         24          0         12          0       5165   stm32f1xx_hal.o
       198         14          0          0          0      28827   stm32f1xx_hal_cortex.o
       158          4          0          0          0       1602   stm32f1xx_hal_dma.o
       480         34          0          0          0       2224   stm32f1xx_hal_gpio.o
      4710         72          0          0          0      28007   stm32f1xx_hal_i2c.o
        60          8          0          0          0        838   stm32f1xx_hal_msp.o
      1208         72         18          0          0       4453   stm32f1xx_hal_rcc.o
        44         12          0          0          0       4532   stm32f1xx_it.o
         2          0         24          4          0       1059   system_stm32f1xx.o

    ----------------------------------------------------------------------
      8474        366       2648         16       2644     483541   Object Totals
         0          0         32          0          0          0   (incl. Generated)
        20          0          3          0          0          0   (incl. Padding)

    ----------------------------------------------------------------------

      Code (inc. data)   RO Data    RW Data    ZI Data      Debug   Library Member Name

         8          0          0          0          0         68   __main.o
       392          4         17          0          0         92   __printf_flags_ss_wp.o
        14          0          0          0          0         68   __printf_wp.o
         0          0          0          0          0          0   __rtentry.o
        12          0          0          0          0          0   __rtentry2.o
         6          0          0          0          0          0   __rtentry4.o
        52          8          0          0          0          0   __scatter.o
        26          0          0          0          0          0   __scatter_copy.o
        28          0          0          0          0          0   __scatter_zi.o
         6          0          0          0          0          0   _printf_a.o
         6          0          0          0          0          0   _printf_c.o
        44          0          0          0          0        108   _printf_char.o
        48          6          0          0          0         96   _printf_char_common.o
        40          0          0          0          0         68   _printf_charcount.o
         6          0          0          0          0          0   _printf_d.o
       120         16          0          0          0         92   _printf_dec.o
         6          0          0          0          0          0   _printf_e.o
         6          0          0          0          0          0   _printf_f.o
      1054          0          0          0          0        216   _printf_fp_dec.o
       764          8         38          0          0        100   _printf_fp_hex.o
       128         16          0          0          0         84   _printf_fp_infnan.o
         6          0          0          0          0          0   _printf_g.o
       148          4         40          0          0        160   _printf_hex_int_ll_ptr.o
         6          0          0          0          0          0   _printf_i.o
       178          0          0          0          0         88   _printf_intcommon.o
        10          0          0          0          0          0   _printf_l.o
         6          0          0          0          0          0   _printf_lc.o
        10          0          0          0          0          0   _printf_ll.o
         6          0          0          0          0          0   _printf_lld.o
         6          0          0          0          0          0   _printf_lli.o
         6          0          0          0          0          0   _printf_llo.o
         6          0          0          0          0          0   _printf_llu.o
         6          0          0          0          0          0   _printf_llx.o
       124         16          0          0          0         92   _printf_longlong_dec.o
         6          0          0          0          0          0   _printf_ls.o
         6          0          0          0          0          0   _printf_n.o
         6          0          0          0          0          0   _printf_o.o
       112         10          0          0          0        124   _printf_oct_int_ll.o
         6          0          0          0          0          0   _printf_p.o
        78          0          0          0          0        108   _printf_pad.o
         0          0          0          0          0          0   _printf_percent.o
         4          0          0          0          0          0   _printf_percent_end.o
         6          0          0          0          0          0   _printf_s.o
        82          0          0          0          0         80   _printf_str.o
        36          0          0          0          0         84   _printf_truncate.o
         6          0          0          0          0          0   _printf_u.o
        44          0          0          0          0        108   _printf_wchar.o
       188          6          8          0          0         92   _printf_wctomb.o
         6          0          0          0          0          0   _printf_x.o
        10          0          0          0          0         68   _sputc.o
        64          0          0          0          0         92   _wcrtomb.o
       228          4        148          0          0         96   bigflt0.o
      1936        128          0          0          0        672   btod.o
        10          0          0          0          0         68   defsig_exit.o
        50          0          0          0          0         88   defsig_general.o
        80         58          0          0          0         76   defsig_rtmem_inner.o
        14          0          0          0          0         80   defsig_rtmem_outer.o
        18          0          0          0          0         80   exit.o
        94          0          0          0          0         80   h1_alloc.o
        52          0          0          0          0         68   h1_extend.o
        78          0          0          0          0         80   h1_free.o
        14          0          0          0          0         84   h1_init.o
         6          0          0          0          0        152   heapauxi.o
         4          0          0          0          0        136   hguard.o
         0          0          0          0          0          0   indicate_semi.o
       138          0          0          0          0        168   init_alloc.o
        44         10        272          0          0         76   lc_ctype_c.o
        44         10         28          0          0         76   lc_numeric_c.o
         2          0          0          0          0          0   libinit.o
        38          0          0          0          0          0   libinit2.o
         2          0          0          0          0          0   libshutdown.o
         2          0          0          0          0          0   libshutdown2.o
         8          4          0          0         96         68   libspace.o
       138          0          0          0          0         80   lludiv10.o
         0          0          0          0          0          0   maybetermalloc1.o
        16          4          0          0          0         76   rt_ctype_table.o
         8          4          0          0          0         68   rt_heap_descriptor_intlibspace.o
         8          4          0          0          0         68   rt_locale_intlibspace.o
        78          0          0          0          0         80   rt_memclr_w.o
       138          0          0          0          0         68   rt_memcpy_v6.o
       100          0          0          0          0         80   rt_memcpy_w.o
         2          0          0          0          0          0   rtexit.o
        10          0          0          0          0          0   rtexit2.o
       128          0          0          0          0         68   strcmpv7m.o
        12          4          0          0          0         68   sys_exit.o
        74          0          0          0          0         80   sys_stackheap_outer.o
        14          0          0          0          0         76   sys_wrch.o
         2          0          0          0          0         68   use_no_semi.o
        36          4          0          0          0         76   vsprintf.o
         4          0          0          0          0         68   printf1.o
         4          0          0          0          0         68   printf2.o
         0          0          0          0          0          0   usenofp.o
        40          0          0          0          0         68   fpclassify.o

    ----------------------------------------------------------------------
      7630        328        552          0        100       5396   Library Totals
        12          0          1          0          4          0   (incl. Padding)

    ----------------------------------------------------------------------

      Code (inc. data)   RO Data    RW Data    ZI Data      Debug   Library Name

      7570        328        551          0         96       5192   c_w.l
         8          0          0          0          0        136   fz_ws.l
        40          0          0          0          0         68   m_ws.l

    ----------------------------------------------------------------------
      7630        328        552          0        100       5396   Library Totals

    ----------------------------------------------------------------------

==============================================================================


      Code (inc. data)   RO Data    RW Data    ZI Data      Debug   

     16104        694       3200         16       2744     482017   Grand Totals
     16104        694       3200         16       2744     482017   ELF Image Totals
     16104        694       3200         16          0          0   ROM Totals

==============================================================================

    Total RO  Size (Code + RO Data)                19304 (  18.85kB)
    Total RW  Size (RW Data + ZI Data)              2760 (   2.70kB)
    Total ROM Size (Code + RO Data + RW Data)      19320 (  18.87kB)

==============================================================================

